\BOOKMARK [0][-]{chapter.1}{\376\377\0001\000\040\000D\000a\000t\000a\000\040\000S\000t\000r\000u\000c\000t\000u\000r\000e\000\040\000I\000n\000d\000e\000x}{}% 1
\BOOKMARK [1][-]{section.1.1}{\376\377\0001\000.\0001\000\040\000D\000a\000t\000a\000\040\000S\000t\000r\000u\000c\000t\000u\000r\000e\000s}{chapter.1}% 2
\BOOKMARK [0][-]{chapter.2}{\376\377\0002\000\040\000F\000i\000l\000e\000\040\000I\000n\000d\000e\000x}{}% 3
\BOOKMARK [1][-]{section.2.1}{\376\377\0002\000.\0001\000\040\000F\000i\000l\000e\000\040\000L\000i\000s\000t}{chapter.2}% 4
\BOOKMARK [0][-]{chapter.3}{\376\377\0003\000\040\000D\000a\000t\000a\000\040\000S\000t\000r\000u\000c\000t\000u\000r\000e\000\040\000D\000o\000c\000u\000m\000e\000n\000t\000a\000t\000i\000o\000n}{}% 5
\BOOKMARK [1][-]{section.3.1}{\376\377\0003\000.\0001\000\040\000B\000u\000f\000S\000t\000a\000t\000e\000\040\000S\000t\000r\000u\000c\000t\000\040\000R\000e\000f\000e\000r\000e\000n\000c\000e}{chapter.3}% 6
\BOOKMARK [2][-]{subsection.3.1.1}{\376\377\0003\000.\0001\000.\0001\000\040\000D\000e\000t\000a\000i\000l\000e\000d\000\040\000D\000e\000s\000c\000r\000i\000p\000t\000i\000o\000n}{section.3.1}% 7
\BOOKMARK [2][-]{subsection.3.1.2}{\376\377\0003\000.\0001\000.\0002\000\040\000F\000i\000e\000l\000d\000\040\000D\000o\000c\000u\000m\000e\000n\000t\000a\000t\000i\000o\000n}{section.3.1}% 8
\BOOKMARK [3][-]{subsubsection.3.1.2.1}{\376\377\0003\000.\0001\000.\0002\000.\0001\000\040\000b\000u\000f}{subsection.3.1.2}% 9
\BOOKMARK [3][-]{subsubsection.3.1.2.2}{\376\377\0003\000.\0001\000.\0002\000.\0002\000\040\000p\000t\000r}{subsection.3.1.2}% 10
\BOOKMARK [3][-]{subsubsection.3.1.2.3}{\376\377\0003\000.\0001\000.\0002\000.\0003\000\040\000s\000i\000z\000e}{subsection.3.1.2}% 11
\BOOKMARK [0][-]{chapter.4}{\376\377\0004\000\040\000F\000i\000l\000e\000\040\000D\000o\000c\000u\000m\000e\000n\000t\000a\000t\000i\000o\000n}{}% 12
\BOOKMARK [1][-]{section.4.1}{\376\377\0004\000.\0001\000\040\000s\000q\000u\000i\000r\000r\000e\000l\0003\000\137\000s\000q\000u\000i\000r\000r\000e\000l\000\137\000s\000q\000a\000p\000i\000B\000y\000G\000e\000m\000i\000n\000i\000.\000c\000p\000p\000\040\000F\000i\000l\000e\000\040\000R\000e\000f\000e\000r\000e\000n\000c\000e}{chapter.4}% 13
\BOOKMARK [2][-]{subsection.4.1.1}{\376\377\0004\000.\0001\000.\0001\000\040\000M\000a\000c\000r\000o\000\040\000D\000e\000f\000i\000n\000i\000t\000i\000o\000n\000\040\000D\000o\000c\000u\000m\000e\000n\000t\000a\000t\000i\000o\000n}{section.4.1}% 14
\BOOKMARK [3][-]{subsubsection.4.1.1.1}{\376\377\0004\000.\0001\000.\0001\000.\0001\000\040\000\137\000G\000E\000T\000S\000A\000F\000E\000\137\000O\000B\000J}{subsection.4.1.1}% 15
\BOOKMARK [3][-]{subsubsection.4.1.1.2}{\376\377\0004\000.\0001\000.\0001\000.\0002\000\040\000s\000q\000\137\000a\000u\000x\000\137\000p\000a\000r\000a\000m\000s\000c\000h\000e\000c\000k}{subsection.4.1.1}% 16
\BOOKMARK [2][-]{subsection.4.1.2}{\376\377\0004\000.\0001\000.\0002\000\040\000F\000u\000n\000c\000t\000i\000o\000n\000\040\000D\000o\000c\000u\000m\000e\000n\000t\000a\000t\000i\000o\000n}{section.4.1}% 17
\BOOKMARK [3][-]{subsubsection.4.1.2.1}{\376\377\0004\000.\0001\000.\0002\000.\0001\000\040\000\137\000g\000e\000t\000m\000e\000m\000b\000e\000r\000b\000y\000h\000a\000n\000d\000l\000e\000\050\000\051}{subsection.4.1.2}% 18
\BOOKMARK [3][-]{subsubsection.4.1.2.2}{\376\377\0004\000.\0001\000.\0002\000.\0002\000\040\000b\000u\000f\000\137\000l\000e\000x\000f\000e\000e\000d\000\050\000\051}{subsection.4.1.2}% 19
\BOOKMARK [3][-]{subsubsection.4.1.2.3}{\376\377\0004\000.\0001\000.\0002\000.\0003\000\040\000s\000q\000\137\000a\000d\000d\000r\000e\000f\000\050\000\051}{subsection.4.1.2}% 20
\BOOKMARK [3][-]{subsubsection.4.1.2.4}{\376\377\0004\000.\0001\000.\0002\000.\0004\000\040\000s\000q\000\137\000a\000r\000r\000a\000y\000a\000p\000p\000e\000n\000d\000\050\000\051}{subsection.4.1.2}% 21
\BOOKMARK [3][-]{subsubsection.4.1.2.5}{\376\377\0004\000.\0001\000.\0002\000.\0005\000\040\000s\000q\000\137\000a\000r\000r\000a\000y\000i\000n\000s\000e\000r\000t\000\050\000\051}{subsection.4.1.2}% 22
\BOOKMARK [3][-]{subsubsection.4.1.2.6}{\376\377\0004\000.\0001\000.\0002\000.\0006\000\040\000s\000q\000\137\000a\000r\000r\000a\000y\000p\000o\000p\000\050\000\051}{subsection.4.1.2}% 23
\BOOKMARK [3][-]{subsubsection.4.1.2.7}{\376\377\0004\000.\0001\000.\0002\000.\0007\000\040\000s\000q\000\137\000a\000r\000r\000a\000y\000r\000e\000m\000o\000v\000e\000\050\000\051}{subsection.4.1.2}% 24
\BOOKMARK [3][-]{subsubsection.4.1.2.8}{\376\377\0004\000.\0001\000.\0002\000.\0008\000\040\000s\000q\000\137\000a\000r\000r\000a\000y\000r\000e\000s\000i\000z\000e\000\050\000\051}{subsection.4.1.2}% 25
\BOOKMARK [3][-]{subsubsection.4.1.2.9}{\376\377\0004\000.\0001\000.\0002\000.\0009\000\040\000s\000q\000\137\000a\000r\000r\000a\000y\000r\000e\000v\000e\000r\000s\000e\000\050\000\051}{subsection.4.1.2}% 26
\BOOKMARK [3][-]{subsubsection.4.1.2.10}{\376\377\0004\000.\0001\000.\0002\000.\0001\0000\000\040\000s\000q\000\137\000a\000u\000x\000\137\000g\000e\000t\000t\000y\000p\000e\000d\000a\000r\000g\000\050\000\051}{subsection.4.1.2}% 27
\BOOKMARK [3][-]{subsubsection.4.1.2.11}{\376\377\0004\000.\0001\000.\0002\000.\0001\0001\000\040\000s\000q\000\137\000a\000u\000x\000\137\000i\000n\000v\000a\000l\000i\000d\000t\000y\000p\000e\000\050\000\051}{subsection.4.1.2}% 28
\BOOKMARK [3][-]{subsubsection.4.1.2.12}{\376\377\0004\000.\0001\000.\0002\000.\0001\0002\000\040\000s\000q\000\137\000b\000i\000n\000d\000e\000n\000v\000\050\000\051}{subsection.4.1.2}% 29
\BOOKMARK [3][-]{subsubsection.4.1.2.13}{\376\377\0004\000.\0001\000.\0002\000.\0001\0003\000\040\000s\000q\000\137\000c\000a\000l\000l\000\050\000\051}{subsection.4.1.2}% 30
\BOOKMARK [3][-]{subsubsection.4.1.2.14}{\376\377\0004\000.\0001\000.\0002\000.\0001\0004\000\040\000s\000q\000\137\000c\000l\000e\000a\000r\000\050\000\051}{subsection.4.1.2}% 31
\BOOKMARK [3][-]{subsubsection.4.1.2.15}{\376\377\0004\000.\0001\000.\0002\000.\0001\0005\000\040\000s\000q\000\137\000c\000l\000o\000n\000e\000\050\000\051}{subsection.4.1.2}% 32
\BOOKMARK [3][-]{subsubsection.4.1.2.16}{\376\377\0004\000.\0001\000.\0002\000.\0001\0006\000\040\000s\000q\000\137\000c\000l\000o\000s\000e\000\050\000\051}{subsection.4.1.2}% 33
\BOOKMARK [3][-]{subsubsection.4.1.2.17}{\376\377\0004\000.\0001\000.\0002\000.\0001\0007\000\040\000s\000q\000\137\000c\000m\000p\000\050\000\051}{subsection.4.1.2}% 34
\BOOKMARK [3][-]{subsubsection.4.1.2.18}{\376\377\0004\000.\0001\000.\0002\000.\0001\0008\000\040\000s\000q\000\137\000c\000o\000l\000l\000e\000c\000t\000g\000a\000r\000b\000a\000g\000e\000\050\000\051}{subsection.4.1.2}% 35
\BOOKMARK [3][-]{subsubsection.4.1.2.19}{\376\377\0004\000.\0001\000.\0002\000.\0001\0009\000\040\000s\000q\000\137\000c\000o\000m\000p\000i\000l\000e\000\050\000\051}{subsection.4.1.2}% 36
\BOOKMARK [3][-]{subsubsection.4.1.2.20}{\376\377\0004\000.\0001\000.\0002\000.\0002\0000\000\040\000s\000q\000\137\000c\000o\000m\000p\000i\000l\000e\000b\000u\000f\000f\000e\000r\000\050\000\051}{subsection.4.1.2}% 37
\BOOKMARK [3][-]{subsubsection.4.1.2.21}{\376\377\0004\000.\0001\000.\0002\000.\0002\0001\000\040\000s\000q\000\137\000c\000r\000e\000a\000t\000e\000i\000n\000s\000t\000a\000n\000c\000e\000\050\000\051}{subsection.4.1.2}% 38
\BOOKMARK [3][-]{subsubsection.4.1.2.22}{\376\377\0004\000.\0001\000.\0002\000.\0002\0002\000\040\000s\000q\000\137\000d\000e\000l\000e\000t\000e\000s\000l\000o\000t\000\050\000\051}{subsection.4.1.2}% 39
\BOOKMARK [3][-]{subsubsection.4.1.2.23}{\376\377\0004\000.\0001\000.\0002\000.\0002\0003\000\040\000s\000q\000\137\000e\000n\000a\000b\000l\000e\000d\000e\000b\000u\000g\000i\000n\000f\000o\000\050\000\051}{subsection.4.1.2}% 40
\BOOKMARK [3][-]{subsubsection.4.1.2.24}{\376\377\0004\000.\0001\000.\0002\000.\0002\0004\000\040\000s\000q\000\137\000f\000r\000e\000e\000\050\000\051}{subsection.4.1.2}% 41
\BOOKMARK [3][-]{subsubsection.4.1.2.25}{\376\377\0004\000.\0001\000.\0002\000.\0002\0005\000\040\000s\000q\000\137\000g\000e\000t\000\050\000\051}{subsection.4.1.2}% 42
\BOOKMARK [3][-]{subsubsection.4.1.2.26}{\376\377\0004\000.\0001\000.\0002\000.\0002\0006\000\040\000s\000q\000\137\000g\000e\000t\000a\000t\000t\000r\000i\000b\000u\000t\000e\000s\000\050\000\051}{subsection.4.1.2}% 43
\BOOKMARK [3][-]{subsubsection.4.1.2.27}{\376\377\0004\000.\0001\000.\0002\000.\0002\0007\000\040\000s\000q\000\137\000g\000e\000t\000b\000a\000s\000e\000\050\000\051}{subsection.4.1.2}% 44
\BOOKMARK [3][-]{subsubsection.4.1.2.28}{\376\377\0004\000.\0001\000.\0002\000.\0002\0008\000\040\000s\000q\000\137\000g\000e\000t\000b\000o\000o\000l\000\050\000\051}{subsection.4.1.2}% 45
\BOOKMARK [3][-]{subsubsection.4.1.2.29}{\376\377\0004\000.\0001\000.\0002\000.\0002\0009\000\040\000s\000q\000\137\000g\000e\000t\000b\000y\000h\000a\000n\000d\000l\000e\000\050\000\051}{subsection.4.1.2}% 46
\BOOKMARK [3][-]{subsubsection.4.1.2.30}{\376\377\0004\000.\0001\000.\0002\000.\0003\0000\000\040\000s\000q\000\137\000g\000e\000t\000c\000a\000l\000l\000e\000e\000\050\000\051}{subsection.4.1.2}% 47
\BOOKMARK [3][-]{subsubsection.4.1.2.31}{\376\377\0004\000.\0001\000.\0002\000.\0003\0001\000\040\000s\000q\000\137\000g\000e\000t\000c\000l\000a\000s\000s\000\050\000\051}{subsection.4.1.2}% 48
\BOOKMARK [3][-]{subsubsection.4.1.2.32}{\376\377\0004\000.\0001\000.\0002\000.\0003\0002\000\040\000s\000q\000\137\000g\000e\000t\000c\000l\000o\000s\000u\000r\000e\000i\000n\000f\000o\000\050\000\051}{subsection.4.1.2}% 49
\BOOKMARK [3][-]{subsubsection.4.1.2.33}{\376\377\0004\000.\0001\000.\0002\000.\0003\0003\000\040\000s\000q\000\137\000g\000e\000t\000c\000l\000o\000s\000u\000r\000e\000n\000a\000m\000e\000\050\000\051}{subsection.4.1.2}% 50
\BOOKMARK [3][-]{subsubsection.4.1.2.34}{\376\377\0004\000.\0001\000.\0002\000.\0003\0004\000\040\000s\000q\000\137\000g\000e\000t\000c\000l\000o\000s\000u\000r\000e\000r\000o\000o\000t\000\050\000\051}{subsection.4.1.2}% 51
\BOOKMARK [3][-]{subsubsection.4.1.2.35}{\376\377\0004\000.\0001\000.\0002\000.\0003\0005\000\040\000s\000q\000\137\000g\000e\000t\000d\000e\000f\000a\000u\000l\000t\000d\000e\000l\000e\000g\000a\000t\000e\000\050\000\051}{subsection.4.1.2}% 52
\BOOKMARK [3][-]{subsubsection.4.1.2.36}{\376\377\0004\000.\0001\000.\0002\000.\0003\0006\000\040\000s\000q\000\137\000g\000e\000t\000d\000e\000l\000e\000g\000a\000t\000e\000\050\000\051}{subsection.4.1.2}% 53
\BOOKMARK [3][-]{subsubsection.4.1.2.37}{\376\377\0004\000.\0001\000.\0002\000.\0003\0007\000\040\000s\000q\000\137\000g\000e\000t\000e\000r\000r\000o\000r\000f\000u\000n\000c\000\050\000\051}{subsection.4.1.2}% 54
\BOOKMARK [3][-]{subsubsection.4.1.2.38}{\376\377\0004\000.\0001\000.\0002\000.\0003\0008\000\040\000s\000q\000\137\000g\000e\000t\000f\000l\000o\000a\000t\000\050\000\051}{subsection.4.1.2}% 55
\BOOKMARK [3][-]{subsubsection.4.1.2.39}{\376\377\0004\000.\0001\000.\0002\000.\0003\0009\000\040\000s\000q\000\137\000g\000e\000t\000f\000o\000r\000e\000i\000g\000n\000p\000t\000r\000\050\000\051}{subsection.4.1.2}% 56
\BOOKMARK [3][-]{subsubsection.4.1.2.40}{\376\377\0004\000.\0001\000.\0002\000.\0004\0000\000\040\000s\000q\000\137\000g\000e\000t\000f\000r\000e\000e\000v\000a\000r\000i\000a\000b\000l\000e\000\050\000\051}{subsection.4.1.2}% 57
\BOOKMARK [3][-]{subsubsection.4.1.2.41}{\376\377\0004\000.\0001\000.\0002\000.\0004\0001\000\040\000s\000q\000\137\000g\000e\000t\000h\000a\000s\000h\000\050\000\051}{subsection.4.1.2}% 58
\BOOKMARK [3][-]{subsubsection.4.1.2.42}{\376\377\0004\000.\0001\000.\0002\000.\0004\0002\000\040\000s\000q\000\137\000g\000e\000t\000i\000n\000s\000t\000a\000n\000c\000e\000u\000p\000\050\000\051}{subsection.4.1.2}% 59
\BOOKMARK [3][-]{subsubsection.4.1.2.43}{\376\377\0004\000.\0001\000.\0002\000.\0004\0003\000\040\000s\000q\000\137\000g\000e\000t\000i\000n\000t\000e\000g\000e\000r\000\050\000\051}{subsection.4.1.2}% 60
\BOOKMARK [3][-]{subsubsection.4.1.2.44}{\376\377\0004\000.\0001\000.\0002\000.\0004\0004\000\040\000s\000q\000\137\000g\000e\000t\000l\000a\000s\000t\000e\000r\000r\000o\000r\000\050\000\051}{subsection.4.1.2}% 61
\BOOKMARK [3][-]{subsubsection.4.1.2.45}{\376\377\0004\000.\0001\000.\0002\000.\0004\0005\000\040\000s\000q\000\137\000g\000e\000t\000l\000o\000c\000a\000l\000\050\000\051}{subsection.4.1.2}% 62
\BOOKMARK [3][-]{subsubsection.4.1.2.46}{\376\377\0004\000.\0001\000.\0002\000.\0004\0006\000\040\000s\000q\000\137\000g\000e\000t\000m\000e\000m\000b\000e\000r\000h\000a\000n\000d\000l\000e\000\050\000\051}{subsection.4.1.2}% 63
\BOOKMARK [3][-]{subsubsection.4.1.2.47}{\376\377\0004\000.\0001\000.\0002\000.\0004\0007\000\040\000s\000q\000\137\000g\000e\000t\000o\000b\000j\000t\000y\000p\000e\000t\000a\000g\000\050\000\051}{subsection.4.1.2}% 64
\BOOKMARK [3][-]{subsubsection.4.1.2.48}{\376\377\0004\000.\0001\000.\0002\000.\0004\0008\000\040\000s\000q\000\137\000g\000e\000t\000p\000r\000i\000n\000t\000f\000u\000n\000c\000\050\000\051}{subsection.4.1.2}% 65
\BOOKMARK [3][-]{subsubsection.4.1.2.49}{\376\377\0004\000.\0001\000.\0002\000.\0004\0009\000\040\000s\000q\000\137\000g\000e\000t\000r\000e\000f\000c\000o\000u\000n\000t\000\050\000\051}{subsection.4.1.2}% 66
\BOOKMARK [3][-]{subsubsection.4.1.2.50}{\376\377\0004\000.\0001\000.\0002\000.\0005\0000\000\040\000s\000q\000\137\000g\000e\000t\000r\000e\000l\000e\000a\000s\000e\000h\000o\000o\000k\000\050\000\051}{subsection.4.1.2}% 67
\BOOKMARK [3][-]{subsubsection.4.1.2.51}{\376\377\0004\000.\0001\000.\0002\000.\0005\0001\000\040\000s\000q\000\137\000g\000e\000t\000s\000c\000r\000a\000t\000c\000h\000p\000a\000d\000\050\000\051}{subsection.4.1.2}% 68
\BOOKMARK [3][-]{subsubsection.4.1.2.52}{\376\377\0004\000.\0001\000.\0002\000.\0005\0002\000\040\000s\000q\000\137\000g\000e\000t\000s\000h\000a\000r\000e\000d\000f\000o\000r\000e\000i\000g\000n\000p\000t\000r\000\050\000\051}{subsection.4.1.2}% 69
\BOOKMARK [3][-]{subsubsection.4.1.2.53}{\376\377\0004\000.\0001\000.\0002\000.\0005\0003\000\040\000s\000q\000\137\000g\000e\000t\000s\000h\000a\000r\000e\000d\000r\000e\000l\000e\000a\000s\000e\000h\000o\000o\000k\000\050\000\051}{subsection.4.1.2}% 70
\BOOKMARK [3][-]{subsubsection.4.1.2.54}{\376\377\0004\000.\0001\000.\0002\000.\0005\0004\000\040\000s\000q\000\137\000g\000e\000t\000s\000i\000z\000e\000\050\000\051}{subsection.4.1.2}% 71
\BOOKMARK [3][-]{subsubsection.4.1.2.55}{\376\377\0004\000.\0001\000.\0002\000.\0005\0005\000\040\000s\000q\000\137\000g\000e\000t\000s\000t\000a\000c\000k\000o\000b\000j\000\050\000\051}{subsection.4.1.2}% 72
\BOOKMARK [3][-]{subsubsection.4.1.2.56}{\376\377\0004\000.\0001\000.\0002\000.\0005\0006\000\040\000s\000q\000\137\000g\000e\000t\000s\000t\000r\000i\000n\000g\000\050\000\051}{subsection.4.1.2}% 73
\BOOKMARK [3][-]{subsubsection.4.1.2.57}{\376\377\0004\000.\0001\000.\0002\000.\0005\0007\000\040\000s\000q\000\137\000g\000e\000t\000s\000t\000r\000i\000n\000g\000a\000n\000d\000s\000i\000z\000e\000\050\000\051}{subsection.4.1.2}% 74
\BOOKMARK [3][-]{subsubsection.4.1.2.58}{\376\377\0004\000.\0001\000.\0002\000.\0005\0008\000\040\000s\000q\000\137\000g\000e\000t\000t\000h\000r\000e\000a\000d\000\050\000\051}{subsection.4.1.2}% 75
\BOOKMARK [3][-]{subsubsection.4.1.2.59}{\376\377\0004\000.\0001\000.\0002\000.\0005\0009\000\040\000s\000q\000\137\000g\000e\000t\000t\000o\000p\000\050\000\051}{subsection.4.1.2}% 76
\BOOKMARK [3][-]{subsubsection.4.1.2.60}{\376\377\0004\000.\0001\000.\0002\000.\0006\0000\000\040\000s\000q\000\137\000g\000e\000t\000t\000y\000p\000e\000\050\000\051}{subsection.4.1.2}% 77
\BOOKMARK [3][-]{subsubsection.4.1.2.61}{\376\377\0004\000.\0001\000.\0002\000.\0006\0001\000\040\000s\000q\000\137\000g\000e\000t\000t\000y\000p\000e\000t\000a\000g\000\050\000\051}{subsection.4.1.2}% 78
\BOOKMARK [3][-]{subsubsection.4.1.2.62}{\376\377\0004\000.\0001\000.\0002\000.\0006\0002\000\040\000s\000q\000\137\000g\000e\000t\000u\000s\000e\000r\000d\000a\000t\000a\000\050\000\051}{subsection.4.1.2}% 79
\BOOKMARK [3][-]{subsubsection.4.1.2.63}{\376\377\0004\000.\0001\000.\0002\000.\0006\0003\000\040\000s\000q\000\137\000g\000e\000t\000u\000s\000e\000r\000p\000o\000i\000n\000t\000e\000r\000\050\000\051}{subsection.4.1.2}% 80
\BOOKMARK [3][-]{subsubsection.4.1.2.64}{\376\377\0004\000.\0001\000.\0002\000.\0006\0004\000\040\000s\000q\000\137\000g\000e\000t\000v\000e\000r\000s\000i\000o\000n\000\050\000\051}{subsection.4.1.2}% 81
\BOOKMARK [3][-]{subsubsection.4.1.2.65}{\376\377\0004\000.\0001\000.\0002\000.\0006\0005\000\040\000s\000q\000\137\000g\000e\000t\000v\000m\000r\000e\000f\000c\000o\000u\000n\000t\000\050\000\051}{subsection.4.1.2}% 82
\BOOKMARK [3][-]{subsubsection.4.1.2.66}{\376\377\0004\000.\0001\000.\0002\000.\0006\0006\000\040\000s\000q\000\137\000g\000e\000t\000v\000m\000r\000e\000l\000e\000a\000s\000e\000h\000o\000o\000k\000\050\000\051}{subsection.4.1.2}% 83
\BOOKMARK [3][-]{subsubsection.4.1.2.67}{\376\377\0004\000.\0001\000.\0002\000.\0006\0007\000\040\000s\000q\000\137\000g\000e\000t\000v\000m\000s\000t\000a\000t\000e\000\050\000\051}{subsection.4.1.2}% 84
\BOOKMARK [3][-]{subsubsection.4.1.2.68}{\376\377\0004\000.\0001\000.\0002\000.\0006\0008\000\040\000s\000q\000\137\000g\000e\000t\000w\000e\000a\000k\000r\000e\000f\000v\000a\000l\000\050\000\051}{subsection.4.1.2}% 85
\BOOKMARK [3][-]{subsubsection.4.1.2.69}{\376\377\0004\000.\0001\000.\0002\000.\0006\0009\000\040\000s\000q\000\137\000i\000n\000s\000t\000a\000n\000c\000e\000o\000f\000\050\000\051}{subsection.4.1.2}% 86
\BOOKMARK [3][-]{subsubsection.4.1.2.70}{\376\377\0004\000.\0001\000.\0002\000.\0007\0000\000\040\000s\000q\000\137\000m\000a\000l\000l\000o\000c\000\050\000\051}{subsection.4.1.2}% 87
\BOOKMARK [3][-]{subsubsection.4.1.2.71}{\376\377\0004\000.\0001\000.\0002\000.\0007\0001\000\040\000s\000q\000\137\000m\000o\000v\000e\000\050\000\051}{subsection.4.1.2}% 88
\BOOKMARK [3][-]{subsubsection.4.1.2.72}{\376\377\0004\000.\0001\000.\0002\000.\0007\0002\000\040\000s\000q\000\137\000n\000e\000w\000a\000r\000r\000a\000y\000\050\000\051}{subsection.4.1.2}% 89
\BOOKMARK [3][-]{subsubsection.4.1.2.73}{\376\377\0004\000.\0001\000.\0002\000.\0007\0003\000\040\000s\000q\000\137\000n\000e\000w\000c\000l\000a\000s\000s\000\050\000\051}{subsection.4.1.2}% 90
\BOOKMARK [3][-]{subsubsection.4.1.2.74}{\376\377\0004\000.\0001\000.\0002\000.\0007\0004\000\040\000s\000q\000\137\000n\000e\000w\000c\000l\000o\000s\000u\000r\000e\000\050\000\051}{subsection.4.1.2}% 91
\BOOKMARK [3][-]{subsubsection.4.1.2.75}{\376\377\0004\000.\0001\000.\0002\000.\0007\0005\000\040\000s\000q\000\137\000n\000e\000w\000m\000e\000m\000b\000e\000r\000\050\000\051}{subsection.4.1.2}% 92
\BOOKMARK [3][-]{subsubsection.4.1.2.76}{\376\377\0004\000.\0001\000.\0002\000.\0007\0006\000\040\000s\000q\000\137\000n\000e\000w\000s\000l\000o\000t\000\050\000\051}{subsection.4.1.2}% 93
\BOOKMARK [3][-]{subsubsection.4.1.2.77}{\376\377\0004\000.\0001\000.\0002\000.\0007\0007\000\040\000s\000q\000\137\000n\000e\000w\000t\000a\000b\000l\000e\000\050\000\051}{subsection.4.1.2}% 94
\BOOKMARK [3][-]{subsubsection.4.1.2.78}{\376\377\0004\000.\0001\000.\0002\000.\0007\0008\000\040\000s\000q\000\137\000n\000e\000w\000t\000a\000b\000l\000e\000e\000x\000\050\000\051}{subsection.4.1.2}% 95
\BOOKMARK [3][-]{subsubsection.4.1.2.79}{\376\377\0004\000.\0001\000.\0002\000.\0007\0009\000\040\000s\000q\000\137\000n\000e\000w\000t\000h\000r\000e\000a\000d\000\050\000\051}{subsection.4.1.2}% 96
\BOOKMARK [3][-]{subsubsection.4.1.2.80}{\376\377\0004\000.\0001\000.\0002\000.\0008\0000\000\040\000s\000q\000\137\000n\000e\000w\000u\000s\000e\000r\000d\000a\000t\000a\000\050\000\051}{subsection.4.1.2}% 97
\BOOKMARK [3][-]{subsubsection.4.1.2.81}{\376\377\0004\000.\0001\000.\0002\000.\0008\0001\000\040\000s\000q\000\137\000n\000e\000x\000t\000\050\000\051}{subsection.4.1.2}% 98
\BOOKMARK [3][-]{subsubsection.4.1.2.82}{\376\377\0004\000.\0001\000.\0002\000.\0008\0002\000\040\000s\000q\000\137\000n\000o\000t\000i\000f\000y\000a\000l\000l\000e\000x\000c\000e\000p\000t\000i\000o\000n\000s\000\050\000\051}{subsection.4.1.2}% 99
\BOOKMARK [3][-]{subsubsection.4.1.2.83}{\376\377\0004\000.\0001\000.\0002\000.\0008\0003\000\040\000s\000q\000\137\000o\000b\000j\000t\000o\000b\000o\000o\000l\000\050\000\051}{subsection.4.1.2}% 100
\BOOKMARK [3][-]{subsubsection.4.1.2.84}{\376\377\0004\000.\0001\000.\0002\000.\0008\0004\000\040\000s\000q\000\137\000o\000b\000j\000t\000o\000f\000l\000o\000a\000t\000\050\000\051}{subsection.4.1.2}% 101
\BOOKMARK [3][-]{subsubsection.4.1.2.85}{\376\377\0004\000.\0001\000.\0002\000.\0008\0005\000\040\000s\000q\000\137\000o\000b\000j\000t\000o\000i\000n\000t\000e\000g\000e\000r\000\050\000\051}{subsection.4.1.2}% 102
\BOOKMARK [3][-]{subsubsection.4.1.2.86}{\376\377\0004\000.\0001\000.\0002\000.\0008\0006\000\040\000s\000q\000\137\000o\000b\000j\000t\000o\000s\000t\000r\000i\000n\000g\000\050\000\051}{subsection.4.1.2}% 103
\BOOKMARK [3][-]{subsubsection.4.1.2.87}{\376\377\0004\000.\0001\000.\0002\000.\0008\0007\000\040\000s\000q\000\137\000o\000b\000j\000t\000o\000u\000s\000e\000r\000p\000o\000i\000n\000t\000e\000r\000\050\000\051}{subsection.4.1.2}% 104
\BOOKMARK [3][-]{subsubsection.4.1.2.88}{\376\377\0004\000.\0001\000.\0002\000.\0008\0008\000\040\000s\000q\000\137\000o\000p\000e\000n\000\050\000\051}{subsection.4.1.2}% 105
\BOOKMARK [3][-]{subsubsection.4.1.2.89}{\376\377\0004\000.\0001\000.\0002\000.\0008\0009\000\040\000s\000q\000\137\000p\000o\000p\000\050\000\051}{subsection.4.1.2}% 106
\BOOKMARK [3][-]{subsubsection.4.1.2.90}{\376\377\0004\000.\0001\000.\0002\000.\0009\0000\000\040\000s\000q\000\137\000p\000o\000p\000t\000o\000p\000\050\000\051}{subsection.4.1.2}% 107
\BOOKMARK [3][-]{subsubsection.4.1.2.91}{\376\377\0004\000.\0001\000.\0002\000.\0009\0001\000\040\000s\000q\000\137\000p\000u\000s\000h\000\050\000\051}{subsection.4.1.2}% 108
\BOOKMARK [3][-]{subsubsection.4.1.2.92}{\376\377\0004\000.\0001\000.\0002\000.\0009\0002\000\040\000s\000q\000\137\000p\000u\000s\000h\000b\000o\000o\000l\000\050\000\051}{subsection.4.1.2}% 109
\BOOKMARK [3][-]{subsubsection.4.1.2.93}{\376\377\0004\000.\0001\000.\0002\000.\0009\0003\000\040\000s\000q\000\137\000p\000u\000s\000h\000c\000o\000n\000s\000t\000t\000a\000b\000l\000e\000\050\000\051}{subsection.4.1.2}% 110
\BOOKMARK [3][-]{subsubsection.4.1.2.94}{\376\377\0004\000.\0001\000.\0002\000.\0009\0004\000\040\000s\000q\000\137\000p\000u\000s\000h\000f\000l\000o\000a\000t\000\050\000\051}{subsection.4.1.2}% 111
\BOOKMARK [3][-]{subsubsection.4.1.2.95}{\376\377\0004\000.\0001\000.\0002\000.\0009\0005\000\040\000s\000q\000\137\000p\000u\000s\000h\000i\000n\000t\000e\000g\000e\000r\000\050\000\051}{subsection.4.1.2}% 112
\BOOKMARK [3][-]{subsubsection.4.1.2.96}{\376\377\0004\000.\0001\000.\0002\000.\0009\0006\000\040\000s\000q\000\137\000p\000u\000s\000h\000n\000u\000l\000l\000\050\000\051}{subsection.4.1.2}% 113
\BOOKMARK [3][-]{subsubsection.4.1.2.97}{\376\377\0004\000.\0001\000.\0002\000.\0009\0007\000\040\000s\000q\000\137\000p\000u\000s\000h\000o\000b\000j\000e\000c\000t\000\050\000\051}{subsection.4.1.2}% 114
\BOOKMARK [3][-]{subsubsection.4.1.2.98}{\376\377\0004\000.\0001\000.\0002\000.\0009\0008\000\040\000s\000q\000\137\000p\000u\000s\000h\000r\000e\000g\000i\000s\000t\000r\000y\000t\000a\000b\000l\000e\000\050\000\051}{subsection.4.1.2}% 115
\BOOKMARK [3][-]{subsubsection.4.1.2.99}{\376\377\0004\000.\0001\000.\0002\000.\0009\0009\000\040\000s\000q\000\137\000p\000u\000s\000h\000r\000o\000o\000t\000t\000a\000b\000l\000e\000\050\000\051}{subsection.4.1.2}% 116
\BOOKMARK [3][-]{subsubsection.4.1.2.100}{\376\377\0004\000.\0001\000.\0002\000.\0001\0000\0000\000\040\000s\000q\000\137\000p\000u\000s\000h\000s\000t\000r\000i\000n\000g\000\050\000\051}{subsection.4.1.2}% 117
\BOOKMARK [3][-]{subsubsection.4.1.2.101}{\376\377\0004\000.\0001\000.\0002\000.\0001\0000\0001\000\040\000s\000q\000\137\000p\000u\000s\000h\000t\000h\000r\000e\000a\000d\000\050\000\051}{subsection.4.1.2}% 118
\BOOKMARK [3][-]{subsubsection.4.1.2.102}{\376\377\0004\000.\0001\000.\0002\000.\0001\0000\0002\000\040\000s\000q\000\137\000p\000u\000s\000h\000u\000s\000e\000r\000p\000o\000i\000n\000t\000e\000r\000\050\000\051}{subsection.4.1.2}% 119
\BOOKMARK [3][-]{subsubsection.4.1.2.103}{\376\377\0004\000.\0001\000.\0002\000.\0001\0000\0003\000\040\000s\000q\000\137\000r\000a\000w\000d\000e\000l\000e\000t\000e\000s\000l\000o\000t\000\050\000\051}{subsection.4.1.2}% 120
\BOOKMARK [3][-]{subsubsection.4.1.2.104}{\376\377\0004\000.\0001\000.\0002\000.\0001\0000\0004\000\040\000s\000q\000\137\000r\000a\000w\000g\000e\000t\000\050\000\051}{subsection.4.1.2}% 121
\BOOKMARK [3][-]{subsubsection.4.1.2.105}{\376\377\0004\000.\0001\000.\0002\000.\0001\0000\0005\000\040\000s\000q\000\137\000r\000a\000w\000n\000e\000w\000m\000e\000m\000b\000e\000r\000\050\000\051}{subsection.4.1.2}% 122
\BOOKMARK [3][-]{subsubsection.4.1.2.106}{\376\377\0004\000.\0001\000.\0002\000.\0001\0000\0006\000\040\000s\000q\000\137\000r\000a\000w\000s\000e\000t\000\050\000\051}{subsection.4.1.2}% 123
\BOOKMARK [3][-]{subsubsection.4.1.2.107}{\376\377\0004\000.\0001\000.\0002\000.\0001\0000\0007\000\040\000s\000q\000\137\000r\000e\000a\000d\000c\000l\000o\000s\000u\000r\000e\000\050\000\051}{subsection.4.1.2}% 124
\BOOKMARK [3][-]{subsubsection.4.1.2.108}{\376\377\0004\000.\0001\000.\0002\000.\0001\0000\0008\000\040\000s\000q\000\137\000r\000e\000a\000l\000l\000o\000c\000\050\000\051}{subsection.4.1.2}% 125
\BOOKMARK [3][-]{subsubsection.4.1.2.109}{\376\377\0004\000.\0001\000.\0002\000.\0001\0000\0009\000\040\000s\000q\000\137\000r\000e\000l\000e\000a\000s\000e\000\050\000\051}{subsection.4.1.2}% 126
\BOOKMARK [3][-]{subsubsection.4.1.2.110}{\376\377\0004\000.\0001\000.\0002\000.\0001\0001\0000\000\040\000s\000q\000\137\000r\000e\000m\000o\000v\000e\000\050\000\051}{subsection.4.1.2}% 127
\BOOKMARK [3][-]{subsubsection.4.1.2.111}{\376\377\0004\000.\0001\000.\0002\000.\0001\0001\0001\000\040\000s\000q\000\137\000r\000e\000s\000e\000r\000v\000e\000s\000t\000a\000c\000k\000\050\000\051}{subsection.4.1.2}% 128
\BOOKMARK [3][-]{subsubsection.4.1.2.112}{\376\377\0004\000.\0001\000.\0002\000.\0001\0001\0002\000\040\000s\000q\000\137\000r\000e\000s\000e\000t\000e\000r\000r\000o\000r\000\050\000\051}{subsection.4.1.2}% 129
\BOOKMARK [3][-]{subsubsection.4.1.2.113}{\376\377\0004\000.\0001\000.\0002\000.\0001\0001\0003\000\040\000s\000q\000\137\000r\000e\000s\000e\000t\000o\000b\000j\000e\000c\000t\000\050\000\051}{subsection.4.1.2}% 130
\BOOKMARK [3][-]{subsubsection.4.1.2.114}{\376\377\0004\000.\0001\000.\0002\000.\0001\0001\0004\000\040\000s\000q\000\137\000r\000e\000s\000u\000m\000e\000\050\000\051}{subsection.4.1.2}% 131
\BOOKMARK [3][-]{subsubsection.4.1.2.115}{\376\377\0004\000.\0001\000.\0002\000.\0001\0001\0005\000\040\000s\000q\000\137\000r\000e\000s\000u\000r\000r\000e\000c\000t\000u\000n\000r\000e\000a\000c\000h\000a\000b\000l\000e\000\050\000\051}{subsection.4.1.2}% 132
\BOOKMARK [3][-]{subsubsection.4.1.2.116}{\376\377\0004\000.\0001\000.\0002\000.\0001\0001\0006\000\040\000s\000q\000\137\000s\000e\000t\000\050\000\051}{subsection.4.1.2}% 133
\BOOKMARK [3][-]{subsubsection.4.1.2.117}{\376\377\0004\000.\0001\000.\0002\000.\0001\0001\0007\000\040\000s\000q\000\137\000s\000e\000t\000a\000t\000t\000r\000i\000b\000u\000t\000e\000s\000\050\000\051}{subsection.4.1.2}% 134
\BOOKMARK [3][-]{subsubsection.4.1.2.118}{\376\377\0004\000.\0001\000.\0002\000.\0001\0001\0008\000\040\000s\000q\000\137\000s\000e\000t\000b\000y\000h\000a\000n\000d\000l\000e\000\050\000\051}{subsection.4.1.2}% 135
\BOOKMARK [3][-]{subsubsection.4.1.2.119}{\376\377\0004\000.\0001\000.\0002\000.\0001\0001\0009\000\040\000s\000q\000\137\000s\000e\000t\000c\000l\000a\000s\000s\000u\000d\000s\000i\000z\000e\000\050\000\051}{subsection.4.1.2}% 136
\BOOKMARK [3][-]{subsubsection.4.1.2.120}{\376\377\0004\000.\0001\000.\0002\000.\0001\0002\0000\000\040\000s\000q\000\137\000s\000e\000t\000c\000l\000o\000s\000u\000r\000e\000r\000o\000o\000t\000\050\000\051}{subsection.4.1.2}% 137
\BOOKMARK [3][-]{subsubsection.4.1.2.121}{\376\377\0004\000.\0001\000.\0002\000.\0001\0002\0001\000\040\000s\000q\000\137\000s\000e\000t\000c\000o\000m\000p\000i\000l\000e\000r\000e\000r\000r\000o\000r\000h\000a\000n\000d\000l\000e\000r\000\050\000\051}{subsection.4.1.2}% 138
\BOOKMARK [3][-]{subsubsection.4.1.2.122}{\376\377\0004\000.\0001\000.\0002\000.\0001\0002\0002\000\040\000s\000q\000\137\000s\000e\000t\000c\000o\000n\000s\000t\000t\000a\000b\000l\000e\000\050\000\051}{subsection.4.1.2}% 139
\BOOKMARK [3][-]{subsubsection.4.1.2.123}{\376\377\0004\000.\0001\000.\0002\000.\0001\0002\0003\000\040\000s\000q\000\137\000s\000e\000t\000d\000e\000b\000u\000g\000h\000o\000o\000k\000\050\000\051}{subsection.4.1.2}% 140
\BOOKMARK [3][-]{subsubsection.4.1.2.124}{\376\377\0004\000.\0001\000.\0002\000.\0001\0002\0004\000\040\000s\000q\000\137\000s\000e\000t\000d\000e\000l\000e\000g\000a\000t\000e\000\050\000\051}{subsection.4.1.2}% 141
\BOOKMARK [3][-]{subsubsection.4.1.2.125}{\376\377\0004\000.\0001\000.\0002\000.\0001\0002\0005\000\040\000s\000q\000\137\000s\000e\000t\000e\000r\000r\000o\000r\000h\000a\000n\000d\000l\000e\000r\000\050\000\051}{subsection.4.1.2}% 142
\BOOKMARK [3][-]{subsubsection.4.1.2.126}{\376\377\0004\000.\0001\000.\0002\000.\0001\0002\0006\000\040\000s\000q\000\137\000s\000e\000t\000f\000o\000r\000e\000i\000g\000n\000p\000t\000r\000\050\000\051}{subsection.4.1.2}% 143
\BOOKMARK [3][-]{subsubsection.4.1.2.127}{\376\377\0004\000.\0001\000.\0002\000.\0001\0002\0007\000\040\000s\000q\000\137\000s\000e\000t\000f\000r\000e\000e\000v\000a\000r\000i\000a\000b\000l\000e\000\050\000\051}{subsection.4.1.2}% 144
\BOOKMARK [3][-]{subsubsection.4.1.2.128}{\376\377\0004\000.\0001\000.\0002\000.\0001\0002\0008\000\040\000s\000q\000\137\000s\000e\000t\000i\000n\000s\000t\000a\000n\000c\000e\000u\000p\000\050\000\051}{subsection.4.1.2}% 145
\BOOKMARK [3][-]{subsubsection.4.1.2.129}{\376\377\0004\000.\0001\000.\0002\000.\0001\0002\0009\000\040\000s\000q\000\137\000s\000e\000t\000n\000a\000t\000i\000v\000e\000c\000l\000o\000s\000u\000r\000e\000n\000a\000m\000e\000\050\000\051}{subsection.4.1.2}% 146
\BOOKMARK [3][-]{subsubsection.4.1.2.130}{\376\377\0004\000.\0001\000.\0002\000.\0001\0003\0000\000\040\000s\000q\000\137\000s\000e\000t\000n\000a\000t\000i\000v\000e\000d\000e\000b\000u\000g\000h\000o\000o\000k\000\050\000\051}{subsection.4.1.2}% 147
\BOOKMARK [3][-]{subsubsection.4.1.2.131}{\376\377\0004\000.\0001\000.\0002\000.\0001\0003\0001\000\040\000s\000q\000\137\000s\000e\000t\000p\000a\000r\000a\000m\000s\000c\000h\000e\000c\000k\000\050\000\051}{subsection.4.1.2}% 148
\BOOKMARK [3][-]{subsubsection.4.1.2.132}{\376\377\0004\000.\0001\000.\0002\000.\0001\0003\0002\000\040\000s\000q\000\137\000s\000e\000t\000p\000r\000i\000n\000t\000f\000u\000n\000c\000\050\000\051}{subsection.4.1.2}% 149
\BOOKMARK [3][-]{subsubsection.4.1.2.133}{\376\377\0004\000.\0001\000.\0002\000.\0001\0003\0003\000\040\000s\000q\000\137\000s\000e\000t\000r\000e\000l\000e\000a\000s\000e\000h\000o\000o\000k\000\050\000\051}{subsection.4.1.2}% 150
\BOOKMARK [3][-]{subsubsection.4.1.2.134}{\376\377\0004\000.\0001\000.\0002\000.\0001\0003\0004\000\040\000s\000q\000\137\000s\000e\000t\000r\000o\000o\000t\000t\000a\000b\000l\000e\000\050\000\051}{subsection.4.1.2}% 151
\BOOKMARK [3][-]{subsubsection.4.1.2.135}{\376\377\0004\000.\0001\000.\0002\000.\0001\0003\0005\000\040\000s\000q\000\137\000s\000e\000t\000s\000h\000a\000r\000e\000d\000f\000o\000r\000e\000i\000g\000n\000p\000t\000r\000\050\000\051}{subsection.4.1.2}% 152
\BOOKMARK [3][-]{subsubsection.4.1.2.136}{\376\377\0004\000.\0001\000.\0002\000.\0001\0003\0006\000\040\000s\000q\000\137\000s\000e\000t\000s\000h\000a\000r\000e\000d\000r\000e\000l\000e\000a\000s\000e\000h\000o\000o\000k\000\050\000\051}{subsection.4.1.2}% 153
\BOOKMARK [3][-]{subsubsection.4.1.2.137}{\376\377\0004\000.\0001\000.\0002\000.\0001\0003\0007\000\040\000s\000q\000\137\000s\000e\000t\000t\000o\000p\000\050\000\051}{subsection.4.1.2}% 154
\BOOKMARK [3][-]{subsubsection.4.1.2.138}{\376\377\0004\000.\0001\000.\0002\000.\0001\0003\0008\000\040\000s\000q\000\137\000s\000e\000t\000t\000y\000p\000e\000t\000a\000g\000\050\000\051}{subsection.4.1.2}% 155
\BOOKMARK [3][-]{subsubsection.4.1.2.139}{\376\377\0004\000.\0001\000.\0002\000.\0001\0003\0009\000\040\000s\000q\000\137\000s\000e\000t\000v\000m\000r\000e\000l\000e\000a\000s\000e\000h\000o\000o\000k\000\050\000\051}{subsection.4.1.2}% 156
\BOOKMARK [3][-]{subsubsection.4.1.2.140}{\376\377\0004\000.\0001\000.\0002\000.\0001\0004\0000\000\040\000s\000q\000\137\000s\000u\000s\000p\000e\000n\000d\000v\000m\000\050\000\051}{subsection.4.1.2}% 157
\BOOKMARK [3][-]{subsubsection.4.1.2.141}{\376\377\0004\000.\0001\000.\0002\000.\0001\0004\0001\000\040\000s\000q\000\137\000t\000a\000i\000l\000c\000a\000l\000l\000\050\000\051}{subsection.4.1.2}% 158
\BOOKMARK [3][-]{subsubsection.4.1.2.142}{\376\377\0004\000.\0001\000.\0002\000.\0001\0004\0002\000\040\000s\000q\000\137\000t\000h\000r\000o\000w\000e\000r\000r\000o\000r\000\050\000\051}{subsection.4.1.2}% 159
\BOOKMARK [3][-]{subsubsection.4.1.2.143}{\376\377\0004\000.\0001\000.\0002\000.\0001\0004\0003\000\040\000s\000q\000\137\000t\000h\000r\000o\000w\000o\000b\000j\000e\000c\000t\000\050\000\051}{subsection.4.1.2}% 160
\BOOKMARK [3][-]{subsubsection.4.1.2.144}{\376\377\0004\000.\0001\000.\0002\000.\0001\0004\0004\000\040\000s\000q\000\137\000t\000o\000b\000o\000o\000l\000\050\000\051}{subsection.4.1.2}% 161
\BOOKMARK [3][-]{subsubsection.4.1.2.145}{\376\377\0004\000.\0001\000.\0002\000.\0001\0004\0005\000\040\000s\000q\000\137\000t\000o\000s\000t\000r\000i\000n\000g\000\050\000\051}{subsection.4.1.2}% 162
\BOOKMARK [3][-]{subsubsection.4.1.2.146}{\376\377\0004\000.\0001\000.\0002\000.\0001\0004\0006\000\040\000s\000q\000\137\000t\000y\000p\000e\000o\000f\000\050\000\051}{subsection.4.1.2}% 163
\BOOKMARK [3][-]{subsubsection.4.1.2.147}{\376\377\0004\000.\0001\000.\0002\000.\0001\0004\0007\000\040\000s\000q\000\137\000w\000a\000k\000e\000u\000p\000v\000m\000\050\000\051}{subsection.4.1.2}% 164
\BOOKMARK [3][-]{subsubsection.4.1.2.148}{\376\377\0004\000.\0001\000.\0002\000.\0001\0004\0008\000\040\000s\000q\000\137\000w\000e\000a\000k\000r\000e\000f\000\050\000\051}{subsection.4.1.2}% 165
\BOOKMARK [3][-]{subsubsection.4.1.2.149}{\376\377\0004\000.\0001\000.\0002\000.\0001\0004\0009\000\040\000s\000q\000\137\000w\000r\000i\000t\000e\000c\000l\000o\000s\000u\000r\000e\000\050\000\051}{subsection.4.1.2}% 166
\BOOKMARK [1][-]{section.4.2}{\376\377\0004\000.\0002\000\040\000s\000q\000u\000i\000r\000r\000e\000l\0003\000\137\000s\000q\000u\000i\000r\000r\000e\000l\000\137\000s\000q\000a\000p\000i\000B\000y\000G\000e\000m\000i\000n\000i\000.\000c\000p\000p}{chapter.4}% 167
