\BOOKMARK [0][-]{chapter.1}{\376\377\0001\000\040\000D\000a\000t\000a\000\040\000S\000t\000r\000u\000c\000t\000u\000r\000e\000\040\000I\000n\000d\000e\000x}{}% 1
\BOOKMARK [1][-]{section.1.1}{\376\377\0001\000.\0001\000\040\000D\000a\000t\000a\000\040\000S\000t\000r\000u\000c\000t\000u\000r\000e\000s}{chapter.1}% 2
\BOOKMARK [0][-]{chapter.2}{\376\377\0002\000\040\000F\000i\000l\000e\000\040\000I\000n\000d\000e\000x}{}% 3
\BOOKMARK [1][-]{section.2.1}{\376\377\0002\000.\0001\000\040\000F\000i\000l\000e\000\040\000L\000i\000s\000t}{chapter.2}% 4
\BOOKMARK [0][-]{chapter.3}{\376\377\0003\000\040\000D\000a\000t\000a\000\040\000S\000t\000r\000u\000c\000t\000u\000r\000e\000\040\000D\000o\000c\000u\000m\000e\000n\000t\000a\000t\000i\000o\000n}{}% 5
\BOOKMARK [1][-]{section.3.1}{\376\377\0003\000.\0001\000\040\000S\000Q\000C\000o\000m\000p\000i\000l\000e\000r\000\040\000C\000l\000a\000s\000s\000\040\000R\000e\000f\000e\000r\000e\000n\000c\000e}{chapter.3}% 6
\BOOKMARK [2][-]{subsection.3.1.1}{\376\377\0003\000.\0001\000.\0001\000\040\000D\000e\000t\000a\000i\000l\000e\000d\000\040\000D\000e\000s\000c\000r\000i\000p\000t\000i\000o\000n}{section.3.1}% 7
\BOOKMARK [2][-]{subsection.3.1.2}{\376\377\0003\000.\0001\000.\0002\000\040\000C\000o\000n\000s\000t\000r\000u\000c\000t\000o\000r\000\040\000\046\000\040\000D\000e\000s\000t\000r\000u\000c\000t\000o\000r\000\040\000D\000o\000c\000u\000m\000e\000n\000t\000a\000t\000i\000o\000n}{section.3.1}% 8
\BOOKMARK [3][-]{subsubsection.3.1.2.1}{\376\377\0003\000.\0001\000.\0002\000.\0001\000\040\000S\000Q\000C\000o\000m\000p\000i\000l\000e\000r\000\050\000\051}{subsection.3.1.2}% 9
\BOOKMARK [2][-]{subsection.3.1.3}{\376\377\0003\000.\0001\000.\0003\000\040\000M\000e\000m\000b\000e\000r\000\040\000F\000u\000n\000c\000t\000i\000o\000n\000\040\000D\000o\000c\000u\000m\000e\000n\000t\000a\000t\000i\000o\000n}{section.3.1}% 10
\BOOKMARK [3][-]{subsubsection.3.1.3.1}{\376\377\0003\000.\0001\000.\0003\000.\0001\000\040\000B\000I\000N\000\137\000E\000X\000P\000\050\000\051}{subsection.3.1.3}% 11
\BOOKMARK [3][-]{subsubsection.3.1.3.2}{\376\377\0003\000.\0001\000.\0003\000.\0002\000\040\000B\000i\000t\000w\000i\000s\000e\000A\000n\000d\000E\000x\000p\000\050\000\051}{subsection.3.1.3}% 12
\BOOKMARK [3][-]{subsubsection.3.1.3.3}{\376\377\0003\000.\0001\000.\0003\000.\0003\000\040\000B\000i\000t\000w\000i\000s\000e\000O\000r\000E\000x\000p\000\050\000\051}{subsection.3.1.3}% 13
\BOOKMARK [3][-]{subsubsection.3.1.3.4}{\376\377\0003\000.\0001\000.\0003\000.\0004\000\040\000B\000i\000t\000w\000i\000s\000e\000X\000o\000r\000E\000x\000p\000\050\000\051}{subsection.3.1.3}% 14
\BOOKMARK [3][-]{subsubsection.3.1.3.5}{\376\377\0003\000.\0001\000.\0003\000.\0005\000\040\000C\000h\000o\000o\000s\000e\000A\000r\000i\000t\000h\000O\000p\000B\000y\000T\000o\000k\000e\000n\000\050\000\051}{subsection.3.1.3}% 15
\BOOKMARK [3][-]{subsubsection.3.1.3.6}{\376\377\0003\000.\0001\000.\0003\000.\0006\000\040\000C\000h\000o\000o\000s\000e\000C\000o\000m\000p\000A\000r\000i\000t\000h\000C\000h\000a\000r\000B\000y\000T\000o\000k\000e\000n\000\050\000\051}{subsection.3.1.3}% 16
\BOOKMARK [3][-]{subsubsection.3.1.3.7}{\376\377\0003\000.\0001\000.\0003\000.\0007\000\040\000C\000l\000a\000s\000s\000E\000x\000p\000\050\000\051}{subsection.3.1.3}% 17
\BOOKMARK [3][-]{subsubsection.3.1.3.8}{\376\377\0003\000.\0001\000.\0003\000.\0008\000\040\000C\000l\000a\000s\000s\000S\000t\000a\000t\000e\000m\000e\000n\000t\000\050\000\051}{subsection.3.1.3}% 18
\BOOKMARK [3][-]{subsubsection.3.1.3.9}{\376\377\0003\000.\0001\000.\0003\000.\0009\000\040\000C\000o\000m\000m\000a\000E\000x\000p\000r\000\050\000\051}{subsection.3.1.3}% 19
\BOOKMARK [3][-]{subsubsection.3.1.3.10}{\376\377\0003\000.\0001\000.\0003\000.\0001\0000\000\040\000C\000o\000m\000p\000E\000x\000p\000\050\000\051}{subsection.3.1.3}% 20
\BOOKMARK [3][-]{subsubsection.3.1.3.11}{\376\377\0003\000.\0001\000.\0003\000.\0001\0001\000\040\000C\000o\000m\000p\000i\000l\000e\000\050\000\051}{subsection.3.1.3}% 21
\BOOKMARK [3][-]{subsubsection.3.1.3.12}{\376\377\0003\000.\0001\000.\0003\000.\0001\0002\000\040\000C\000r\000e\000a\000t\000e\000F\000u\000n\000c\000t\000i\000o\000n\000\050\000\051}{subsection.3.1.3}% 22
\BOOKMARK [3][-]{subsubsection.3.1.3.13}{\376\377\0003\000.\0001\000.\0003\000.\0001\0003\000\040\000D\000e\000l\000e\000t\000e\000E\000x\000p\000r\000\050\000\051}{subsection.3.1.3}% 23
\BOOKMARK [3][-]{subsubsection.3.1.3.14}{\376\377\0003\000.\0001\000.\0003\000.\0001\0004\000\040\000D\000o\000W\000h\000i\000l\000e\000S\000t\000a\000t\000e\000m\000e\000n\000t\000\050\000\051}{subsection.3.1.3}% 24
\BOOKMARK [3][-]{subsubsection.3.1.3.15}{\376\377\0003\000.\0001\000.\0003\000.\0001\0005\000\040\000E\000m\000i\000t\0002\000A\000r\000g\000s\000O\000P\000\050\000\051}{subsection.3.1.3}% 25
\BOOKMARK [3][-]{subsubsection.3.1.3.16}{\376\377\0003\000.\0001\000.\0003\000.\0001\0006\000\040\000E\000m\000i\000t\000C\000o\000m\000p\000o\000u\000n\000d\000A\000r\000i\000t\000h\000\050\000\051}{subsection.3.1.3}% 26
\BOOKMARK [3][-]{subsubsection.3.1.3.17}{\376\377\0003\000.\0001\000.\0003\000.\0001\0007\000\040\000E\000m\000i\000t\000D\000e\000r\000e\000f\000O\000p\000\050\000\051}{subsection.3.1.3}% 27
\BOOKMARK [3][-]{subsubsection.3.1.3.18}{\376\377\0003\000.\0001\000.\0003\000.\0001\0008\000\040\000E\000m\000i\000t\000L\000o\000a\000d\000C\000o\000n\000s\000t\000F\000l\000o\000a\000t\000\050\000\051}{subsection.3.1.3}% 28
\BOOKMARK [3][-]{subsubsection.3.1.3.19}{\376\377\0003\000.\0001\000.\0003\000.\0001\0009\000\040\000E\000m\000i\000t\000L\000o\000a\000d\000C\000o\000n\000s\000t\000I\000n\000t\000\050\000\051}{subsection.3.1.3}% 29
\BOOKMARK [3][-]{subsubsection.3.1.3.20}{\376\377\0003\000.\0001\000.\0003\000.\0002\0000\000\040\000E\000n\000u\000m\000S\000t\000a\000t\000e\000m\000e\000n\000t\000\050\000\051}{subsection.3.1.3}% 30
\BOOKMARK [3][-]{subsubsection.3.1.3.21}{\376\377\0003\000.\0001\000.\0003\000.\0002\0001\000\040\000E\000q\000E\000x\000p\000\050\000\051}{subsection.3.1.3}% 31
\BOOKMARK [3][-]{subsubsection.3.1.3.22}{\376\377\0003\000.\0001\000.\0003\000.\0002\0002\000\040\000E\000r\000r\000o\000r\000\050\000\051}{subsection.3.1.3}% 32
\BOOKMARK [3][-]{subsubsection.3.1.3.23}{\376\377\0003\000.\0001\000.\0003\000.\0002\0003\000\040\000E\000x\000p\000e\000c\000t\000\050\000\051}{subsection.3.1.3}% 33
\BOOKMARK [3][-]{subsubsection.3.1.3.24}{\376\377\0003\000.\0001\000.\0003\000.\0002\0004\000\040\000E\000x\000p\000e\000c\000t\000S\000c\000a\000l\000a\000r\000\050\000\051}{subsection.3.1.3}% 34
\BOOKMARK [3][-]{subsubsection.3.1.3.25}{\376\377\0003\000.\0001\000.\0003\000.\0002\0005\000\040\000E\000x\000p\000r\000e\000s\000s\000i\000o\000n\000\050\000\051}{subsection.3.1.3}% 35
\BOOKMARK [3][-]{subsubsection.3.1.3.26}{\376\377\0003\000.\0001\000.\0003\000.\0002\0006\000\040\000F\000a\000c\000t\000o\000r\000\050\000\051}{subsection.3.1.3}% 36
\BOOKMARK [3][-]{subsubsection.3.1.3.27}{\376\377\0003\000.\0001\000.\0003\000.\0002\0007\000\040\000F\000o\000r\000E\000a\000c\000h\000S\000t\000a\000t\000e\000m\000e\000n\000t\000\050\000\051}{subsection.3.1.3}% 37
\BOOKMARK [3][-]{subsubsection.3.1.3.28}{\376\377\0003\000.\0001\000.\0003\000.\0002\0008\000\040\000F\000o\000r\000S\000t\000a\000t\000e\000m\000e\000n\000t\000\050\000\051}{subsection.3.1.3}% 38
\BOOKMARK [3][-]{subsubsection.3.1.3.29}{\376\377\0003\000.\0001\000.\0003\000.\0002\0009\000\040\000F\000u\000n\000c\000t\000i\000o\000n\000C\000a\000l\000l\000A\000r\000g\000s\000\050\000\051}{subsection.3.1.3}% 39
\BOOKMARK [3][-]{subsubsection.3.1.3.30}{\376\377\0003\000.\0001\000.\0003\000.\0003\0000\000\040\000F\000u\000n\000c\000t\000i\000o\000n\000E\000x\000p\000\050\000\051}{subsection.3.1.3}% 40
\BOOKMARK [3][-]{subsubsection.3.1.3.31}{\376\377\0003\000.\0001\000.\0003\000.\0003\0001\000\040\000F\000u\000n\000c\000t\000i\000o\000n\000S\000t\000a\000t\000e\000m\000e\000n\000t\000\050\000\051}{subsection.3.1.3}% 41
\BOOKMARK [3][-]{subsubsection.3.1.3.32}{\376\377\0003\000.\0001\000.\0003\000.\0003\0002\000\040\000I\000f\000B\000l\000o\000c\000k\000\050\000\051}{subsection.3.1.3}% 42
\BOOKMARK [3][-]{subsubsection.3.1.3.33}{\376\377\0003\000.\0001\000.\0003\000.\0003\0003\000\040\000I\000f\000S\000t\000a\000t\000e\000m\000e\000n\000t\000\050\000\051}{subsection.3.1.3}% 43
\BOOKMARK [3][-]{subsubsection.3.1.3.34}{\376\377\0003\000.\0001\000.\0003\000.\0003\0004\000\040\000I\000N\000V\000O\000K\000E\000\137\000E\000X\000P\000\050\000\051}{subsection.3.1.3}% 44
\BOOKMARK [3][-]{subsubsection.3.1.3.35}{\376\377\0003\000.\0001\000.\0003\000.\0003\0005\000\040\000I\000s\000E\000n\000d\000O\000f\000S\000t\000a\000t\000e\000m\000e\000n\000t\000\050\000\051}{subsection.3.1.3}% 45
\BOOKMARK [3][-]{subsubsection.3.1.3.36}{\376\377\0003\000.\0001\000.\0003\000.\0003\0006\000\040\000L\000e\000x\000\050\000\051}{subsection.3.1.3}% 46
\BOOKMARK [3][-]{subsubsection.3.1.3.37}{\376\377\0003\000.\0001\000.\0003\000.\0003\0007\000\040\000L\000o\000c\000a\000l\000D\000e\000c\000l\000S\000t\000a\000t\000e\000m\000e\000n\000t\000\050\000\051}{subsection.3.1.3}% 47
\BOOKMARK [3][-]{subsubsection.3.1.3.38}{\376\377\0003\000.\0001\000.\0003\000.\0003\0008\000\040\000L\000o\000g\000i\000c\000a\000l\000A\000n\000d\000E\000x\000p\000\050\000\051}{subsection.3.1.3}% 48
\BOOKMARK [3][-]{subsubsection.3.1.3.39}{\376\377\0003\000.\0001\000.\0003\000.\0003\0009\000\040\000L\000o\000g\000i\000c\000a\000l\000O\000r\000E\000x\000p\000\050\000\051}{subsection.3.1.3}% 49
\BOOKMARK [3][-]{subsubsection.3.1.3.40}{\376\377\0003\000.\0001\000.\0003\000.\0004\0000\000\040\000M\000o\000v\000e\000I\000f\000C\000u\000r\000r\000e\000n\000t\000T\000a\000r\000g\000e\000t\000I\000s\000L\000o\000c\000a\000l\000\050\000\051}{subsection.3.1.3}% 50
\BOOKMARK [3][-]{subsubsection.3.1.3.41}{\376\377\0003\000.\0001\000.\0003\000.\0004\0001\000\040\000M\000u\000l\000t\000E\000x\000p\000\050\000\051}{subsection.3.1.3}% 51
\BOOKMARK [3][-]{subsubsection.3.1.3.42}{\376\377\0003\000.\0001\000.\0003\000.\0004\0002\000\040\000N\000e\000e\000d\000G\000e\000t\000\050\000\051}{subsection.3.1.3}% 52
\BOOKMARK [3][-]{subsubsection.3.1.3.43}{\376\377\0003\000.\0001\000.\0003\000.\0004\0003\000\040\000O\000p\000t\000i\000o\000n\000a\000l\000S\000e\000m\000i\000c\000o\000l\000o\000n\000\050\000\051}{subsection.3.1.3}% 53
\BOOKMARK [3][-]{subsubsection.3.1.3.44}{\376\377\0003\000.\0001\000.\0003\000.\0004\0004\000\040\000P\000a\000r\000s\000e\000B\000i\000n\000d\000E\000n\000v\000\050\000\051}{subsection.3.1.3}% 54
\BOOKMARK [3][-]{subsubsection.3.1.3.45}{\376\377\0003\000.\0001\000.\0003\000.\0004\0005\000\040\000P\000a\000r\000s\000e\000T\000a\000b\000l\000e\000O\000r\000C\000l\000a\000s\000s\000\050\000\051}{subsection.3.1.3}% 55
\BOOKMARK [3][-]{subsubsection.3.1.3.46}{\376\377\0003\000.\0001\000.\0003\000.\0004\0006\000\040\000P\000l\000u\000s\000E\000x\000p\000\050\000\051}{subsection.3.1.3}% 56
\BOOKMARK [3][-]{subsubsection.3.1.3.47}{\376\377\0003\000.\0001\000.\0003\000.\0004\0007\000\040\000P\000r\000e\000f\000i\000x\000e\000d\000E\000x\000p\000r\000\050\000\051}{subsection.3.1.3}% 57
\BOOKMARK [3][-]{subsubsection.3.1.3.48}{\376\377\0003\000.\0001\000.\0003\000.\0004\0008\000\040\000P\000r\000e\000f\000i\000x\000I\000n\000c\000D\000e\000c\000\050\000\051}{subsection.3.1.3}% 58
\BOOKMARK [3][-]{subsubsection.3.1.3.49}{\376\377\0003\000.\0001\000.\0003\000.\0004\0009\000\040\000R\000e\000s\000o\000l\000v\000e\000B\000r\000e\000a\000k\000s\000\050\000\051}{subsection.3.1.3}% 59
\BOOKMARK [3][-]{subsubsection.3.1.3.50}{\376\377\0003\000.\0001\000.\0003\000.\0005\0000\000\040\000R\000e\000s\000o\000l\000v\000e\000C\000o\000n\000t\000i\000n\000u\000e\000s\000\050\000\051}{subsection.3.1.3}% 60
\BOOKMARK [3][-]{subsubsection.3.1.3.51}{\376\377\0003\000.\0001\000.\0003\000.\0005\0001\000\040\000S\000h\000i\000f\000t\000E\000x\000p\000\050\000\051}{subsection.3.1.3}% 61
\BOOKMARK [3][-]{subsubsection.3.1.3.52}{\376\377\0003\000.\0001\000.\0003\000.\0005\0002\000\040\000S\000t\000a\000t\000e\000m\000e\000n\000t\000\050\000\051}{subsection.3.1.3}% 62
\BOOKMARK [3][-]{subsubsection.3.1.3.53}{\376\377\0003\000.\0001\000.\0003\000.\0005\0003\000\040\000S\000t\000a\000t\000e\000m\000e\000n\000t\000s\000\050\000\051}{subsection.3.1.3}% 63
\BOOKMARK [3][-]{subsubsection.3.1.3.54}{\376\377\0003\000.\0001\000.\0003\000.\0005\0004\000\040\000S\000w\000i\000t\000c\000h\000S\000t\000a\000t\000e\000m\000e\000n\000t\000\050\000\051}{subsection.3.1.3}% 64
\BOOKMARK [3][-]{subsubsection.3.1.3.55}{\376\377\0003\000.\0001\000.\0003\000.\0005\0005\000\040\000T\000h\000r\000o\000w\000E\000r\000r\000o\000r\000\050\000\051}{subsection.3.1.3}% 65
\BOOKMARK [3][-]{subsubsection.3.1.3.56}{\376\377\0003\000.\0001\000.\0003\000.\0005\0006\000\040\000T\000r\000y\000C\000a\000t\000c\000h\000S\000t\000a\000t\000e\000m\000e\000n\000t\000\050\000\051}{subsection.3.1.3}% 66
\BOOKMARK [3][-]{subsubsection.3.1.3.57}{\376\377\0003\000.\0001\000.\0003\000.\0005\0007\000\040\000U\000n\000a\000r\000y\000O\000P\000\050\000\051}{subsection.3.1.3}% 67
\BOOKMARK [3][-]{subsubsection.3.1.3.58}{\376\377\0003\000.\0001\000.\0003\000.\0005\0008\000\040\000W\000h\000i\000l\000e\000S\000t\000a\000t\000e\000m\000e\000n\000t\000\050\000\051}{subsection.3.1.3}% 68
\BOOKMARK [2][-]{subsection.3.1.4}{\376\377\0003\000.\0001\000.\0004\000\040\000F\000i\000e\000l\000d\000\040\000D\000o\000c\000u\000m\000e\000n\000t\000a\000t\000i\000o\000n}{section.3.1}% 69
\BOOKMARK [3][-]{subsubsection.3.1.4.1}{\376\377\0003\000.\0001\000.\0004\000.\0001\000\040\000\137\000c\000o\000m\000p\000i\000l\000e\000r\000e\000r\000r\000o\000r}{subsection.3.1.4}% 70
\BOOKMARK [3][-]{subsubsection.3.1.4.2}{\376\377\0003\000.\0001\000.\0004\000.\0002\000\040\000\137\000d\000e\000b\000u\000g\000l\000i\000n\000e}{subsection.3.1.4}% 71
\BOOKMARK [3][-]{subsubsection.3.1.4.3}{\376\377\0003\000.\0001\000.\0004\000.\0003\000\040\000\137\000d\000e\000b\000u\000g\000o\000p}{subsection.3.1.4}% 72
\BOOKMARK [3][-]{subsubsection.3.1.4.4}{\376\377\0003\000.\0001\000.\0004\000.\0004\000\040\000\137\000e\000r\000r\000o\000r\000j\000m\000p}{subsection.3.1.4}% 73
\BOOKMARK [3][-]{subsubsection.3.1.4.5}{\376\377\0003\000.\0001\000.\0004\000.\0005\000\040\000\137\000e\000s}{subsection.3.1.4}% 74
\BOOKMARK [3][-]{subsubsection.3.1.4.6}{\376\377\0003\000.\0001\000.\0004\000.\0006\000\040\000\137\000f\000s}{subsection.3.1.4}% 75
\BOOKMARK [3][-]{subsubsection.3.1.4.7}{\376\377\0003\000.\0001\000.\0004\000.\0007\000\040\000\137\000l\000e\000x}{subsection.3.1.4}% 76
\BOOKMARK [3][-]{subsubsection.3.1.4.8}{\376\377\0003\000.\0001\000.\0004\000.\0008\000\040\000\137\000l\000i\000n\000e\000i\000n\000f\000o}{subsection.3.1.4}% 77
\BOOKMARK [3][-]{subsubsection.3.1.4.9}{\376\377\0003\000.\0001\000.\0004\000.\0009\000\040\000\137\000r\000a\000i\000s\000e\000e\000r\000r\000o\000r}{subsection.3.1.4}% 78
\BOOKMARK [3][-]{subsubsection.3.1.4.10}{\376\377\0003\000.\0001\000.\0004\000.\0001\0000\000\040\000\137\000s\000c\000o\000p\000e}{subsection.3.1.4}% 79
\BOOKMARK [3][-]{subsubsection.3.1.4.11}{\376\377\0003\000.\0001\000.\0004\000.\0001\0001\000\040\000\137\000s\000o\000u\000r\000c\000e\000n\000a\000m\000e}{subsection.3.1.4}% 80
\BOOKMARK [3][-]{subsubsection.3.1.4.12}{\376\377\0003\000.\0001\000.\0004\000.\0001\0002\000\040\000\137\000t\000o\000k\000e\000n}{subsection.3.1.4}% 81
\BOOKMARK [3][-]{subsubsection.3.1.4.13}{\376\377\0003\000.\0001\000.\0004\000.\0001\0003\000\040\000\137\000v\000m}{subsection.3.1.4}% 82
\BOOKMARK [1][-]{section.3.2}{\376\377\0003\000.\0002\000\040\000S\000Q\000E\000x\000p\000S\000t\000a\000t\000e\000\040\000S\000t\000r\000u\000c\000t\000\040\000R\000e\000f\000e\000r\000e\000n\000c\000e}{chapter.3}% 83
\BOOKMARK [2][-]{subsection.3.2.1}{\376\377\0003\000.\0002\000.\0001\000\040\000D\000e\000t\000a\000i\000l\000e\000d\000\040\000D\000e\000s\000c\000r\000i\000p\000t\000i\000o\000n}{section.3.2}% 84
\BOOKMARK [2][-]{subsection.3.2.2}{\376\377\0003\000.\0002\000.\0002\000\040\000F\000i\000e\000l\000d\000\040\000D\000o\000c\000u\000m\000e\000n\000t\000a\000t\000i\000o\000n}{section.3.2}% 85
\BOOKMARK [3][-]{subsubsection.3.2.2.1}{\376\377\0003\000.\0002\000.\0002\000.\0001\000\040\000d\000o\000n\000o\000t\000\137\000g\000e\000t}{subsection.3.2.2}% 86
\BOOKMARK [3][-]{subsubsection.3.2.2.2}{\376\377\0003\000.\0002\000.\0002\000.\0002\000\040\000e\000p\000o\000s}{subsection.3.2.2}% 87
\BOOKMARK [3][-]{subsubsection.3.2.2.3}{\376\377\0003\000.\0002\000.\0002\000.\0003\000\040\000e\000t\000y\000p\000e}{subsection.3.2.2}% 88
\BOOKMARK [1][-]{section.3.3}{\376\377\0003\000.\0003\000\040\000S\000Q\000S\000c\000o\000p\000e\000\040\000S\000t\000r\000u\000c\000t\000\040\000R\000e\000f\000e\000r\000e\000n\000c\000e}{chapter.3}% 89
\BOOKMARK [2][-]{subsection.3.3.1}{\376\377\0003\000.\0003\000.\0001\000\040\000D\000e\000t\000a\000i\000l\000e\000d\000\040\000D\000e\000s\000c\000r\000i\000p\000t\000i\000o\000n}{section.3.3}% 90
\BOOKMARK [2][-]{subsection.3.3.2}{\376\377\0003\000.\0003\000.\0002\000\040\000F\000i\000e\000l\000d\000\040\000D\000o\000c\000u\000m\000e\000n\000t\000a\000t\000i\000o\000n}{section.3.3}% 91
\BOOKMARK [3][-]{subsubsection.3.3.2.1}{\376\377\0003\000.\0003\000.\0002\000.\0001\000\040\000o\000u\000t\000e\000r\000s}{subsection.3.3.2}% 92
\BOOKMARK [3][-]{subsubsection.3.3.2.2}{\376\377\0003\000.\0003\000.\0002\000.\0002\000\040\000s\000t\000a\000c\000k\000s\000i\000z\000e}{subsection.3.3.2}% 93
\BOOKMARK [0][-]{chapter.4}{\376\377\0004\000\040\000F\000i\000l\000e\000\040\000D\000o\000c\000u\000m\000e\000n\000t\000a\000t\000i\000o\000n}{}% 94
\BOOKMARK [1][-]{section.4.1}{\376\377\0004\000.\0001\000\040\000s\000q\000u\000i\000r\000r\000e\000l\0003\000\137\000s\000q\000u\000i\000r\000r\000e\000l\000\137\000s\000q\000c\000o\000m\000p\000i\000l\000e\000r\000\137\000v\0001\000.\000c\000p\000p\000\040\000F\000i\000l\000e\000\040\000R\000e\000f\000e\000r\000e\000n\000c\000e}{chapter.4}% 95
\BOOKMARK [2][-]{subsection.4.1.1}{\376\377\0004\000.\0001\000.\0001\000\040\000M\000a\000c\000r\000o\000\040\000D\000e\000f\000i\000n\000i\000t\000i\000o\000n\000\040\000D\000o\000c\000u\000m\000e\000n\000t\000a\000t\000i\000o\000n}{section.4.1}% 96
\BOOKMARK [3][-]{subsubsection.4.1.1.1}{\376\377\0004\000.\0001\000.\0001\000.\0001\000\040\000B\000A\000S\000E}{subsection.4.1.1}% 97
\BOOKMARK [3][-]{subsubsection.4.1.1.2}{\376\377\0004\000.\0001\000.\0001\000.\0002\000\040\000B\000E\000G\000I\000N\000\137\000B\000R\000E\000A\000K\000B\000L\000E\000\137\000B\000L\000O\000C\000K}{subsection.4.1.1}% 98
\BOOKMARK [3][-]{subsubsection.4.1.1.3}{\376\377\0004\000.\0001\000.\0001\000.\0003\000\040\000B\000E\000G\000I\000N\000\137\000S\000C\000O\000P\000E}{subsection.4.1.1}% 99
\BOOKMARK [3][-]{subsubsection.4.1.1.4}{\376\377\0004\000.\0001\000.\0001\000.\0004\000\040\000E\000N\000D\000\137\000B\000R\000E\000A\000K\000B\000L\000E\000\137\000B\000L\000O\000C\000K}{subsection.4.1.1}% 100
\BOOKMARK [3][-]{subsubsection.4.1.1.5}{\376\377\0004\000.\0001\000.\0001\000.\0005\000\040\000E\000N\000D\000\137\000S\000C\000O\000P\000E}{subsection.4.1.1}% 101
\BOOKMARK [3][-]{subsubsection.4.1.1.6}{\376\377\0004\000.\0001\000.\0001\000.\0006\000\040\000E\000N\000D\000\137\000S\000C\000O\000P\000E\000\137\000N\000O\000\137\000C\000L\000O\000S\000E}{subsection.4.1.1}% 102
\BOOKMARK [3][-]{subsubsection.4.1.1.7}{\376\377\0004\000.\0001\000.\0001\000.\0007\000\040\000E\000X\000P\000R}{subsection.4.1.1}% 103
\BOOKMARK [3][-]{subsubsection.4.1.1.8}{\376\377\0004\000.\0001\000.\0001\000.\0008\000\040\000L\000O\000C\000A\000L}{subsection.4.1.1}% 104
\BOOKMARK [3][-]{subsubsection.4.1.1.9}{\376\377\0004\000.\0001\000.\0001\000.\0009\000\040\000M\000A\000X\000\137\000C\000O\000M\000P\000I\000L\000E\000R\000\137\000E\000R\000R\000O\000R\000\137\000L\000E\000N}{subsection.4.1.1}% 105
\BOOKMARK [3][-]{subsubsection.4.1.1.10}{\376\377\0004\000.\0001\000.\0001\000.\0001\0000\000\040\000O\000B\000J\000E\000C\000T}{subsection.4.1.1}% 106
\BOOKMARK [3][-]{subsubsection.4.1.1.11}{\376\377\0004\000.\0001\000.\0001\000.\0001\0001\000\040\000O\000U\000T\000E\000R}{subsection.4.1.1}% 107
\BOOKMARK [3][-]{subsubsection.4.1.1.12}{\376\377\0004\000.\0001\000.\0001\000.\0001\0002\000\040\000R\000E\000S\000O\000L\000V\000E\000\137\000O\000U\000T\000E\000R\000S}{subsection.4.1.1}% 108
\BOOKMARK [2][-]{subsection.4.1.2}{\376\377\0004\000.\0001\000.\0002\000\040\000F\000u\000n\000c\000t\000i\000o\000n\000\040\000D\000o\000c\000u\000m\000e\000n\000t\000a\000t\000i\000o\000n}{section.4.1}% 109
\BOOKMARK [3][-]{subsubsection.4.1.2.1}{\376\377\0004\000.\0001\000.\0002\000.\0001\000\040\000C\000o\000m\000p\000i\000l\000e\000\050\000\051}{subsection.4.1.2}% 110
\BOOKMARK [1][-]{section.4.2}{\376\377\0004\000.\0002\000\040\000s\000q\000u\000i\000r\000r\000e\000l\0003\000\137\000s\000q\000u\000i\000r\000r\000e\000l\000\137\000s\000q\000c\000o\000m\000p\000i\000l\000e\000r\000\137\000v\0001\000.\000c\000p\000p}{chapter.4}% 111
