This is e-upTeX, Version 3.141592653-p4.1.0-u1.29-230214-2.6 (utf8.euc) (TeX Live 2023/Debian) (preloaded format=platex 2025.6.6)  1 JUL 2025 11:01
entering extended mode
 restricted \write18 enabled.
 %&-line parsing enabled.
**refman.tex
(./refman.tex
pLaTeX2e <2023-02-14>+1, based on
LaTeX2e <2023-11-01> patch level 1
L3 programming layer <2024-01-22>
(/usr/share/texlive/texmf-dist/tex/latex/base/book.cls
Document Class: book 2023/05/17 v1.4n Standard LaTeX document class
(/usr/share/texlive/texmf-dist/tex/latex/base/bk10.clo
File: bk10.clo 2023/05/17 v1.4n Standard LaTeX file (size option)
)
\c@part=\count186
\c@chapter=\count187
\c@section=\count188
\c@subsection=\count189
\c@subsubsection=\count190
\c@paragraph=\count191
\c@subparagraph=\count192
\c@figure=\count193
\c@table=\count194
\abovecaptionskip=\skip48
\belowcaptionskip=\skip49
\bibindent=\dimen156
)
(/usr/share/texlive/texmf-dist/tex/latex/base/ifthen.sty
Package: ifthen 2022/04/13 v1.1d Standard LaTeX ifthen package (DPC)
)
(/usr/share/texlive/texmf-dist/tex/latex/tools/array.sty
Rollback for package 'array' requested -> date 2016-10-06.
         Best approximation is the release introduced on 2016-10-06.

(/usr/share/texlive/texmf-dist/tex/latex/tools/array-2016-10-06.sty
Package: array 2016/10/06 v2.4d Tabular extension package (FMi)
\col@sep=\dimen157
\extrarowheight=\dimen158
\NC@list=\toks18
\extratabsurround=\skip50
\backup@length=\skip51
))
(/usr/share/texlive/texmf-dist/tex/generic/infwarerr/infwarerr.sty
package info suppressed
)
(./doxygen.sty
Package: doxygen 
 (/usr/share/texlive/texmf-dist/tex/latex/base/alltt.sty
Package: alltt 2021/01/29 v2.0g defines alltt environment
)
(/usr/share/texlive/texmf-dist/tex/latex/tools/calc.sty
Package: calc 2023/07/08 v4.3 Infix arithmetic (KKT,FJ)
\calc@Acount=\count195
\calc@Bcount=\count196
\calc@Adimen=\dimen159
\calc@Bdimen=\dimen160
\calc@Askip=\skip52
\calc@Bskip=\skip53
LaTeX Info: Redefining \setlength on input line 80.
LaTeX Info: Redefining \addtolength on input line 81.
\calc@Ccount=\count197
\calc@Cskip=\skip54
)
(/usr/share/texlive/texmf-dist/tex/latex/float/float.sty
Package: float 2001/11/08 v1.3d Float enhancements (AL)
\c@float@type=\count198
\float@exts=\toks19
\float@box=\box68
\@float@everytoks=\toks20
\@floatcapt=\box69
)
(/usr/share/texlive/texmf-dist/tex/latex/tools/verbatim.sty
Package: verbatim 2023-11-06 v1.5v LaTeX2e package for verbatim enhancements
\every@verbatim=\toks21
\verbatim@line=\toks22
\verbatim@in@stream=\read2
)
(/usr/share/texlive/texmf-dist/tex/latex/xcolor/xcolor.sty
Package: xcolor 2023/11/15 v3.01 LaTeX color extensions (UK)

(/usr/share/texlive/texmf-dist/tex/latex/graphics-cfg/color.cfg
File: color.cfg 2016/01/02 v1.6 sample color configuration
)
Package xcolor Info: Driver file: dvips.def on input line 274.

(/usr/share/texlive/texmf-dist/tex/latex/graphics-def/dvips.def
File: dvips.def 2022/09/22 v3.1e Graphics/color driver for dvips
)
(/usr/share/texlive/texmf-dist/tex/latex/graphics/mathcolor.ltx)
Package xcolor Info: Model `cmy' substituted by `cmy0' on input line 1350.
Package xcolor Info: Model `RGB' extended on input line 1366.
Package xcolor Info: Model `HTML' substituted by `rgb' on input line 1368.
Package xcolor Info: Model `Hsb' substituted by `hsb' on input line 1369.
Package xcolor Info: Model `tHsb' substituted by `hsb' on input line 1370.
Package xcolor Info: Model `HSB' substituted by `hsb' on input line 1371.
Package xcolor Info: Model `Gray' substituted by `gray' on input line 1372.
Package xcolor Info: Model `wave' substituted by `hsb' on input line 1373.
)
(/usr/share/texlive/texmf-dist/tex/latex/colortbl/colortbl.sty
Package: colortbl 2022/06/20 v1.0f Color table columns (DPC)
\everycr=\toks23
\minrowclearance=\skip55
\rownum=\count199
)
(./longtable_doxygen.sty
Package: longtable_doxygen 2014/10/28 v4.11 Multi-page Table package (DPC) - fr
ozen version for doxygen
\LTleft=\skip56
\LTright=\skip57
\LTpre=\skip58
\LTpost=\skip59
\LTchunksize=\count266
\LTcapwidth=\dimen161
\LT@head=\box70
\LT@firsthead=\box71
\LT@foot=\box72
\LT@lastfoot=\box73
\LT@cols=\count267
\LT@rows=\count268
\c@LT@tables=\count269
\c@LT@chunks=\count270
\LT@p@ftn=\toks24
) (./tabu_doxygen.sty
Package: tabu_doxygen 2011/02/26 v2.8 - flexible LaTeX tabulars (FC), frozen ve
rsion for doxygen

(/usr/share/texlive/texmf-dist/tex/latex/varwidth/varwidth.sty
Package: varwidth 2009/03/30 ver 0.92;  Variable-width minipages
\@vwid@box=\box74
\sift@deathcycles=\count271
\@vwid@loff=\dimen162
\@vwid@roff=\dimen163
)
\c@taburow=\count272
\tabu@nbcols=\count273
\tabu@cnt=\count274
\tabu@Xcol=\count275
\tabu@alloc=\count276
\tabu@nested=\count277
\tabu@target=\dimen164
\tabu@spreadtarget=\dimen165
\tabu@naturalX=\dimen166
\tabucolX=\dimen167
\tabu@Xsum=\dimen168
\extrarowdepth=\dimen169
\abovetabulinesep=\dimen170
\belowtabulinesep=\dimen171
\tabustrutrule=\dimen172
\tabu@thebody=\toks25
\tabu@footnotes=\toks26
\tabu@box=\box75
\tabu@arstrutbox=\box76
\tabu@hleads=\box77
\tabu@vleads=\box78
\tabu@cellskip=\skip60
)
(/usr/share/texlive/texmf-dist/tex/latex/fancyvrb/fancyvrb.sty
Package: fancyvrb 2024/01/20 4.5c verbatim text (tvz,hv)

(/usr/share/texlive/texmf-dist/tex/latex/graphics/keyval.sty
Package: keyval 2022/05/29 v1.15 key=value parser (DPC)
\KV@toks@=\toks27
)
\FV@CodeLineNo=\count278
\FV@InFile=\read3
\FV@TabBox=\box79
\c@FancyVerbLine=\count279
\FV@StepNumber=\count280
\FV@OutFile=\write3
)
(/usr/share/texlive/texmf-dist/tex/latex/tools/tabularx.sty
Package: tabularx 2023/07/08 v2.11c `tabularx' package (DPC)
\TX@col@width=\dimen173
\TX@old@table=\dimen174
\TX@old@col=\dimen175
\TX@target=\dimen176
\TX@delta=\dimen177
\TX@cols=\count281
\TX@ftn=\toks28
)
(/usr/share/texlive/texmf-dist/tex/latex/tools/multicol.sty
Package: multicol 2023/03/30 v1.9f multicolumn formatting (FMi)
\c@tracingmulticols=\count282
\mult@box=\box80
\multicol@leftmargin=\dimen178
\c@unbalance=\count283
\c@collectmore=\count284
\doublecol@number=\count285
\multicoltolerance=\count286
\multicolpretolerance=\count287
\full@width=\dimen179
\page@free=\dimen180
\premulticols=\dimen181
\postmulticols=\dimen182
\multicolsep=\skip61
\multicolbaselineskip=\skip62
\partial@page=\box81
\last@line=\box82
\mc@boxedresult=\box83
\maxbalancingoverflow=\dimen183
\mult@rightbox=\box84
\mult@grightbox=\box85
\mult@firstbox=\box86
\mult@gfirstbox=\box87
\@tempa=\box88
\@tempa=\box89
\@tempa=\box90
\@tempa=\box91
\@tempa=\box92
\@tempa=\box93
\@tempa=\box94
\@tempa=\box95
\@tempa=\box96
\@tempa=\box97
\@tempa=\box98
\@tempa=\box99
\@tempa=\box100
\@tempa=\box101
\@tempa=\box102
\@tempa=\box103
\@tempa=\box104
\@tempa=\box105
\@tempa=\box106
\@tempa=\box107
\@tempa=\box108
\@tempa=\box109
\@tempa=\box110
\@tempa=\box111
\@tempa=\box112
\@tempa=\box113
\@tempa=\box114
\@tempa=\box115
\@tempa=\box116
\@tempa=\box117
\@tempa=\box118
\@tempa=\box119
\@tempa=\box120
\@tempa=\box121
\@tempa=\box122
\@tempa=\box123
\c@minrows=\count288
\c@columnbadness=\count289
\c@finalcolumnbadness=\count290
\last@try=\dimen184
\multicolovershoot=\dimen185
\multicolundershoot=\dimen186
\mult@nat@firstbox=\box124
\colbreak@box=\box125
\mc@col@check@num=\count291
)
(/usr/share/texlive/texmf-dist/tex/latex/multirow/multirow.sty
Package: multirow 2021/03/15 v2.8 Span multiple rows of a table
\multirow@colwidth=\skip63
\multirow@cntb=\count292
\multirow@dima=\skip64
\bigstrutjot=\dimen187
)
(/usr/share/texlive/texmf-dist/tex/latex/hanging/hanging.sty
Package: hanging 2009/09/02 v1.2b hanging paragraphs and punctuation
\h@ngcommawd=\skip65
\h@ngfstopwd=\skip66
\h@ngquotewd=\skip67
\h@ngdquotewd=\skip68
\h@ngquerywd=\skip69
\h@ngexclwd=\skip70
\h@ngcolonwd=\skip71
\h@ngscolonwd=\skip72
)
(/usr/share/texlive/texmf-dist/tex/generic/iftex/ifpdf.sty
Package: ifpdf 2019/10/25 v3.4 ifpdf legacy package. Use iftex instead.

(/usr/share/texlive/texmf-dist/tex/generic/iftex/iftex.sty
Package: iftex 2022/02/03 v1.0f TeX engine tests
))
(/usr/share/texlive/texmf-dist/tex/latex/adjustbox/adjustbox.sty
Package: adjustbox 2022/10/17 v1.3a Adjusting TeX boxes (trim, clip, ...)

(/usr/share/texlive/texmf-dist/tex/latex/xkeyval/xkeyval.sty
Package: xkeyval 2022/06/16 v2.9 package option processing (HA)

(/usr/share/texlive/texmf-dist/tex/generic/xkeyval/xkeyval.tex
(/usr/share/texlive/texmf-dist/tex/generic/xkeyval/xkvutils.tex
\XKV@toks=\toks29
\XKV@tempa@toks=\toks30
)
\XKV@depth=\count293
File: xkeyval.tex 2014/12/03 v2.7a key=value parser (HA)
))
(/usr/share/texlive/texmf-dist/tex/latex/adjustbox/adjcalc.sty
Package: adjcalc 2012/05/16 v1.1 Provides advanced setlength with multiple back
-ends (calc, etex, pgfmath)
)
(/usr/share/texlive/texmf-dist/tex/latex/adjustbox/trimclip.sty
Package: trimclip 2020/08/19 v1.2 Trim and clip general TeX material

(/usr/share/texlive/texmf-dist/tex/latex/graphics/graphicx.sty
Package: graphicx 2021/09/16 v1.2d Enhanced LaTeX Graphics (DPC,SPQR)

(/usr/share/texlive/texmf-dist/tex/latex/graphics/graphics.sty
Package: graphics 2022/03/10 v1.4e Standard LaTeX Graphics (DPC,SPQR)

(/usr/share/texlive/texmf-dist/tex/latex/graphics/trig.sty
Package: trig 2021/08/11 v1.11 sin cos tan (DPC)
)
(/usr/share/texlive/texmf-dist/tex/latex/graphics-cfg/graphics.cfg
File: graphics.cfg 2016/06/04 v1.11 sample graphics configuration
)
Package graphics Info: Driver file: dvipdfmx.def on input line 107.

(/usr/share/texlive/texmf-dist/tex/latex/graphics-def/dvipdfmx.def
File: dvipdfmx.def 2022/09/22 v5.0m Graphics/color driver for dvipdfmx
))
\Gin@req@height=\dimen188
\Gin@req@width=\dimen189
)
(/usr/share/texlive/texmf-dist/tex/latex/collectbox/collectbox.sty
Package: collectbox 2022/10/17 v0.4c Collect macro arguments as boxes
\collectedbox=\box126
)
\tc@llx=\dimen190
\tc@lly=\dimen191
\tc@urx=\dimen192
\tc@ury=\dimen193

(/usr/share/texlive/texmf-dist/tex/latex/adjustbox/tc-pgf.def
File: tc-pgf.def 2019/01/04 v2.2 trimclip fall-back clipping driver using PGF

(/usr/share/texlive/texmf-dist/tex/latex/pgf/basiclayer/pgf.sty
(/usr/share/texlive/texmf-dist/tex/latex/pgf/utilities/pgfrcs.sty
(/usr/share/texlive/texmf-dist/tex/generic/pgf/utilities/pgfutil-common.tex
\pgfutil@everybye=\toks31
\pgfutil@tempdima=\dimen194
\pgfutil@tempdimb=\dimen195
)
(/usr/share/texlive/texmf-dist/tex/generic/pgf/utilities/pgfutil-latex.def
\pgfutil@abb=\box127
)
(/usr/share/texlive/texmf-dist/tex/generic/pgf/utilities/pgfrcs.code.tex
(/usr/share/texlive/texmf-dist/tex/generic/pgf/pgf.revision.tex)
Package: pgfrcs 2023-01-15 v3.1.10 (3.1.10)
))
Package: pgf 2023-01-15 v3.1.10 (3.1.10)

(/usr/share/texlive/texmf-dist/tex/latex/pgf/basiclayer/pgfcore.sty
(/usr/share/texlive/texmf-dist/tex/latex/pgf/systemlayer/pgfsys.sty
(/usr/share/texlive/texmf-dist/tex/generic/pgf/systemlayer/pgfsys.code.tex
Package: pgfsys 2023-01-15 v3.1.10 (3.1.10)

(/usr/share/texlive/texmf-dist/tex/generic/pgf/utilities/pgfkeys.code.tex
\pgfkeys@pathtoks=\toks32
\pgfkeys@temptoks=\toks33

(/usr/share/texlive/texmf-dist/tex/generic/pgf/utilities/pgfkeyslibraryfiltered
.code.tex
\pgfkeys@tmptoks=\toks34
))
\pgf@x=\dimen196
\pgf@y=\dimen197
\pgf@xa=\dimen198
\pgf@ya=\dimen199
\pgf@xb=\dimen256
\pgf@yb=\dimen257
\pgf@xc=\dimen258
\pgf@yc=\dimen259
\pgf@xd=\dimen260
\pgf@yd=\dimen261
\w@pgf@writea=\write4
\r@pgf@reada=\read4
\c@pgf@counta=\count294
\c@pgf@countb=\count295
\c@pgf@countc=\count296
\c@pgf@countd=\count297
\t@pgf@toka=\toks35
\t@pgf@tokb=\toks36
\t@pgf@tokc=\toks37
\pgf@sys@id@count=\count298
 (/usr/share/texlive/texmf-dist/tex/generic/pgf/systemlayer/pgf.cfg
File: pgf.cfg 2023-01-15 v3.1.10 (3.1.10)
)
Driver file for pgf: pgfsys-dvipdfmx.def
(/usr/share/texlive/texmf-dist/tex/generic/pgf/systemlayer/pgfsys-dvipdfmx.def
File: pgfsys-dvipdfmx.def 2023-01-15 v3.1.10 (3.1.10)

(/usr/share/texlive/texmf-dist/tex/generic/pgf/systemlayer/pgfsys-common-pdf.de
f
File: pgfsys-common-pdf.def 2023-01-15 v3.1.10 (3.1.10)
)
\pgfsys@objnum=\count299
))
(/usr/share/texlive/texmf-dist/tex/generic/pgf/systemlayer/pgfsyssoftpath.code.
tex
File: pgfsyssoftpath.code.tex 2023-01-15 v3.1.10 (3.1.10)
\pgfsyssoftpath@smallbuffer@items=\count300
\pgfsyssoftpath@bigbuffer@items=\count301
)
(/usr/share/texlive/texmf-dist/tex/generic/pgf/systemlayer/pgfsysprotocol.code.
tex
File: pgfsysprotocol.code.tex 2023-01-15 v3.1.10 (3.1.10)
))
(/usr/share/texlive/texmf-dist/tex/generic/pgf/basiclayer/pgfcore.code.tex
Package: pgfcore 2023-01-15 v3.1.10 (3.1.10)

(/usr/share/texlive/texmf-dist/tex/generic/pgf/math/pgfmath.code.tex
(/usr/share/texlive/texmf-dist/tex/generic/pgf/math/pgfmathutil.code.tex)
(/usr/share/texlive/texmf-dist/tex/generic/pgf/math/pgfmathparser.code.tex
\pgfmath@dimen=\dimen262
\pgfmath@count=\count302
\pgfmath@box=\box128
\pgfmath@toks=\toks38
\pgfmath@stack@operand=\toks39
\pgfmath@stack@operation=\toks40
)
(/usr/share/texlive/texmf-dist/tex/generic/pgf/math/pgfmathfunctions.code.tex)
(/usr/share/texlive/texmf-dist/tex/generic/pgf/math/pgfmathfunctions.basic.code
.tex)
(/usr/share/texlive/texmf-dist/tex/generic/pgf/math/pgfmathfunctions.trigonomet
ric.code.tex)
(/usr/share/texlive/texmf-dist/tex/generic/pgf/math/pgfmathfunctions.random.cod
e.tex)
(/usr/share/texlive/texmf-dist/tex/generic/pgf/math/pgfmathfunctions.comparison
.code.tex)
(/usr/share/texlive/texmf-dist/tex/generic/pgf/math/pgfmathfunctions.base.code.
tex)
(/usr/share/texlive/texmf-dist/tex/generic/pgf/math/pgfmathfunctions.round.code
.tex)
(/usr/share/texlive/texmf-dist/tex/generic/pgf/math/pgfmathfunctions.misc.code.
tex)
(/usr/share/texlive/texmf-dist/tex/generic/pgf/math/pgfmathfunctions.integerari
thmetics.code.tex)
(/usr/share/texlive/texmf-dist/tex/generic/pgf/math/pgfmathcalc.code.tex)
(/usr/share/texlive/texmf-dist/tex/generic/pgf/math/pgfmathfloat.code.tex
\c@pgfmathroundto@lastzeros=\count303
))
(/usr/share/texlive/texmf-dist/tex/generic/pgf/math/pgfint.code.tex)
(/usr/share/texlive/texmf-dist/tex/generic/pgf/basiclayer/pgfcorepoints.code.te
x
File: pgfcorepoints.code.tex 2023-01-15 v3.1.10 (3.1.10)
\pgf@picminx=\dimen263
\pgf@picmaxx=\dimen264
\pgf@picminy=\dimen265
\pgf@picmaxy=\dimen266
\pgf@pathminx=\dimen267
\pgf@pathmaxx=\dimen268
\pgf@pathminy=\dimen269
\pgf@pathmaxy=\dimen270
\pgf@xx=\dimen271
\pgf@xy=\dimen272
\pgf@yx=\dimen273
\pgf@yy=\dimen274
\pgf@zx=\dimen275
\pgf@zy=\dimen276
)
(/usr/share/texlive/texmf-dist/tex/generic/pgf/basiclayer/pgfcorepathconstruct.
code.tex
File: pgfcorepathconstruct.code.tex 2023-01-15 v3.1.10 (3.1.10)
\pgf@path@lastx=\dimen277
\pgf@path@lasty=\dimen278
)
(/usr/share/texlive/texmf-dist/tex/generic/pgf/basiclayer/pgfcorepathusage.code
.tex
File: pgfcorepathusage.code.tex 2023-01-15 v3.1.10 (3.1.10)
\pgf@shorten@end@additional=\dimen279
\pgf@shorten@start@additional=\dimen280
)
(/usr/share/texlive/texmf-dist/tex/generic/pgf/basiclayer/pgfcorescopes.code.te
x
File: pgfcorescopes.code.tex 2023-01-15 v3.1.10 (3.1.10)
\pgfpic=\box129
\pgf@hbox=\box130
\pgf@layerbox@main=\box131
\pgf@picture@serial@count=\count304
)
(/usr/share/texlive/texmf-dist/tex/generic/pgf/basiclayer/pgfcoregraphicstate.c
ode.tex
File: pgfcoregraphicstate.code.tex 2023-01-15 v3.1.10 (3.1.10)
\pgflinewidth=\dimen281
)
(/usr/share/texlive/texmf-dist/tex/generic/pgf/basiclayer/pgfcoretransformation
s.code.tex
File: pgfcoretransformations.code.tex 2023-01-15 v3.1.10 (3.1.10)
\pgf@pt@x=\dimen282
\pgf@pt@y=\dimen283
\pgf@pt@temp=\dimen284
)
(/usr/share/texlive/texmf-dist/tex/generic/pgf/basiclayer/pgfcorequick.code.tex
File: pgfcorequick.code.tex 2023-01-15 v3.1.10 (3.1.10)
)
(/usr/share/texlive/texmf-dist/tex/generic/pgf/basiclayer/pgfcoreobjects.code.t
ex
File: pgfcoreobjects.code.tex 2023-01-15 v3.1.10 (3.1.10)
)
(/usr/share/texlive/texmf-dist/tex/generic/pgf/basiclayer/pgfcorepathprocessing
.code.tex
File: pgfcorepathprocessing.code.tex 2023-01-15 v3.1.10 (3.1.10)
)
(/usr/share/texlive/texmf-dist/tex/generic/pgf/basiclayer/pgfcorearrows.code.te
x
File: pgfcorearrows.code.tex 2023-01-15 v3.1.10 (3.1.10)
\pgfarrowsep=\dimen285
)
(/usr/share/texlive/texmf-dist/tex/generic/pgf/basiclayer/pgfcoreshade.code.tex
File: pgfcoreshade.code.tex 2023-01-15 v3.1.10 (3.1.10)
\pgf@max=\dimen286
\pgf@sys@shading@range@num=\count305
\pgf@shadingcount=\count306
)
(/usr/share/texlive/texmf-dist/tex/generic/pgf/basiclayer/pgfcoreimage.code.tex
File: pgfcoreimage.code.tex 2023-01-15 v3.1.10 (3.1.10)
)
(/usr/share/texlive/texmf-dist/tex/generic/pgf/basiclayer/pgfcoreexternal.code.
tex
File: pgfcoreexternal.code.tex 2023-01-15 v3.1.10 (3.1.10)
\pgfexternal@startupbox=\box132
)
(/usr/share/texlive/texmf-dist/tex/generic/pgf/basiclayer/pgfcorelayers.code.te
x
File: pgfcorelayers.code.tex 2023-01-15 v3.1.10 (3.1.10)
)
(/usr/share/texlive/texmf-dist/tex/generic/pgf/basiclayer/pgfcoretransparency.c
ode.tex
File: pgfcoretransparency.code.tex 2023-01-15 v3.1.10 (3.1.10)
)
(/usr/share/texlive/texmf-dist/tex/generic/pgf/basiclayer/pgfcorepatterns.code.
tex
File: pgfcorepatterns.code.tex 2023-01-15 v3.1.10 (3.1.10)
)
(/usr/share/texlive/texmf-dist/tex/generic/pgf/basiclayer/pgfcorerdf.code.tex
File: pgfcorerdf.code.tex 2023-01-15 v3.1.10 (3.1.10)
)))
(/usr/share/texlive/texmf-dist/tex/generic/pgf/modules/pgfmoduleshapes.code.tex
File: pgfmoduleshapes.code.tex 2023-01-15 v3.1.10 (3.1.10)
\pgfnodeparttextbox=\box133
) (/usr/share/texlive/texmf-dist/tex/generic/pgf/modules/pgfmoduleplot.code.tex
File: pgfmoduleplot.code.tex 2023-01-15 v3.1.10 (3.1.10)
)
(/usr/share/texlive/texmf-dist/tex/latex/pgf/compatibility/pgfcomp-version-0-65
.sty
Package: pgfcomp-version-0-65 2023-01-15 v3.1.10 (3.1.10)
\pgf@nodesepstart=\dimen287
\pgf@nodesepend=\dimen288
)
(/usr/share/texlive/texmf-dist/tex/latex/pgf/compatibility/pgfcomp-version-1-18
.sty
Package: pgfcomp-version-1-18 2023-01-15 v3.1.10 (3.1.10)
)))
Package trimclip Info: No clipping driver 'tc-dvipdfmx.def' available.
(trimclip)             Using fall-back PGF driver.
)
\adjbox@Width=\dimen289
\adjbox@Height=\dimen290
\adjbox@Depth=\dimen291
\adjbox@Totalheight=\dimen292
\adjbox@pwidth=\dimen293
\adjbox@pheight=\dimen294
\adjbox@pdepth=\dimen295
\adjbox@ptotalheight=\dimen296
 (/usr/share/texlive/texmf-dist/tex/latex/ifoddpage/ifoddpage.sty
Package: ifoddpage 2022/10/18 v1.2 Conditionals for odd/even page detection
\c@checkoddpage=\count307
))
(/usr/share/texlive/texmf-dist/tex/latex/amsfonts/amssymb.sty
Package: amssymb 2013/01/14 v3.01 AMS font symbols

(/usr/share/texlive/texmf-dist/tex/latex/amsfonts/amsfonts.sty
Package: amsfonts 2013/01/14 v3.01 Basic AMSFonts support
\@emptytoks=\toks41
\symAMSa=\mathgroup4
\symAMSb=\mathgroup5
LaTeX Font Info:    Redeclaring math symbol \hbar on input line 98.
LaTeX Font Info:    Overwriting math alphabet `\mathfrak' in version `bold'
(Font)                  U/euf/m/n --> U/euf/b/n on input line 106.
))
(/usr/share/texlive/texmf-dist/tex/latex/stackengine/stackengine.sty
Package: stackengine 2021/07/22 v4.11\ Stacking text and objects in convenient 
ways

(/usr/share/texlive/texmf-dist/tex/latex/etoolbox/etoolbox.sty
Package: etoolbox 2020/10/05 v2.5k e-TeX tools for LaTeX (JAW)
\etb@tempcnta=\count308
)
(/usr/share/texlive/texmf-dist/tex/generic/listofitems/listofitems.sty
(/usr/share/texlive/texmf-dist/tex/generic/listofitems/listofitems.tex
\loi_cnt_foreach_nest=\count309
\loi_nestcnt=\count310
)
Package: listofitems 2019/08/21 v1.63 Grab items in lists using user-specified 
sep char (CT)
)
\c@@stackindex=\count311
\@boxshift=\skip73
\stack@tmplength=\skip74
\temp@stkl=\skip75
\@stackedboxwidth=\skip76
\@addedbox=\box134
\@anchorbox=\box135
\@insetbox=\box136
\se@backgroundbox=\box137
\stackedbox=\box138
\@centerbox=\box139
\c@ROWcellindex@=\count312
)
(/usr/share/texlive/texmf-dist/tex/latex/enumitem/enumitem.sty
Package: enumitem 2019/06/20 v3.9 Customized lists
\labelindent=\skip77
\enit@outerparindent=\dimen297
\enit@toks=\toks42
\enit@inbox=\box140
\enit@count@id=\count313
\enitdp@description=\count314
)
(/usr/share/texlive/texmf-dist/tex/generic/alphalph/alphalph.sty
Package: alphalph 2019/12/09 v2.6 Convert numbers to letters (HO)

(/usr/share/texlive/texmf-dist/tex/generic/intcalc/intcalc.sty
Package: intcalc 2019/12/15 v1.3 Expandable calculations with integers (HO)
))
(/usr/share/texlive/texmf-dist/tex/generic/ulem/ulem.sty
\UL@box=\box141
\UL@hyphenbox=\box142
\UL@skip=\skip78
\UL@hook=\toks43
\UL@height=\dimen298
\UL@pe=\count315
\UL@pixel=\dimen299
\ULC@box=\box143
Package: ulem 2019/11/18
\ULdepth=\dimen300
)
\xrefbox=\box144
\xreflength=\skip79
\CodeWidthChar=\skip80
\CodeHeightChar=\skip81
\DoxyCodeWidth=\skip82
\c@DoxyEnumeratei=\count316
\c@DoxyEnumerateii=\count317
\c@DoxyEnumerateiii=\count318
\c@DoxyEnumerateiv=\count319
\c@DoxyEnumeratev=\count320
\c@DoxyEnumeratevi=\count321
\c@DoxyEnumeratevii=\count322
\c@DoxyEnumerateviii=\count323
\c@DoxyEnumerateix=\count324
\c@DoxyEnumeratex=\count325
\c@DoxyEnumeratexi=\count326
\c@DoxyEnumeratexii=\count327
\enitdp@DoxyEnumerate=\count328
\enitdp@DoxyItemize=\count329
\c@subsubsubsection=\count330
\c@subsubsubsubsection=\count331
\c@subsubsubsubsubsection=\count332
\c@subsubsubsubsubsubsection=\count333
)
(/usr/share/texlive/texmf-dist/tex/latex/base/inputenc.sty
Package: inputenc 2021/02/14 v1.3d Input encoding file
\inpenc@prehook=\toks44
\inpenc@posthook=\toks45
)
(/usr/share/texlive/texmf-dist/tex/latex/base/makeidx.sty
Package: makeidx 2021/10/04 v1.0m Standard LaTeX package
)
(/usr/share/texlive/texmf-dist/tex/latex/base/textcomp.sty
Package: textcomp 2020/02/02 v2.0n Standard LaTeX package
)
(/usr/share/texlive/texmf-dist/tex/latex/wasysym/wasysym.sty
Package: wasysym 2020/01/19 v2.4 Wasy-2 symbol support package
\symwasy=\mathgroup6
LaTeX Font Info:    Overwriting symbol font `wasy' in version `bold'
(Font)                  U/wasy/m/n --> U/wasy/b/n on input line 93.
)
(/usr/share/texlive/texmf-dist/tex/generic/iftex/ifxetex.sty
Package: ifxetex 2019/10/25 v0.7 ifxetex legacy package. Use iftex instead.
)
(/usr/share/texlive/texmf-dist/tex/latex/base/fontenc.sty
Package: fontenc 2021/04/29 v2.0v Standard LaTeX package
)
(/usr/share/texlive/texmf-dist/tex/latex/psnfss/helvet.sty
Package: helvet 2020/03/25 PSNFSS-v9.3 (WaS) 
)
(/usr/share/texlive/texmf-dist/tex/latex/psnfss/courier.sty
Package: courier 2020/03/25 PSNFSS-v9.3 (WaS) 
)
(/usr/share/texlive/texmf-dist/tex/latex/geometry/geometry.sty
Package: geometry 2020/01/02 v5.9 Page Geometry

(/usr/share/texlive/texmf-dist/tex/generic/iftex/ifvtex.sty
Package: ifvtex 2019/10/25 v1.7 ifvtex legacy package. Use iftex instead.
)
\Gm@cnth=\count334
\Gm@cntv=\count335
\c@Gm@tempcnt=\count336
\Gm@bindingoffset=\dimen301
\Gm@wd@mp=\dimen302
\Gm@odd@mp=\dimen303
\Gm@even@mp=\dimen304
\Gm@layoutwidth=\dimen305
\Gm@layoutheight=\dimen306
\Gm@layouthoffset=\dimen307
\Gm@layoutvoffset=\dimen308
\Gm@dimlist=\toks46
)
(/usr/share/texlive/texmf-dist/tex/latex/changepage/changepage.sty
Package: changepage 2009/10/20 v1.0c check page and change page layout
\c@cp@cntr=\count337
\cp@tempcnt=\count338
LaTeX Info: Redefining \checkoddpage on input line 59.
)
(/usr/share/texlive/texmf-dist/tex/latex/fancyhdr/fancyhdr.sty
Package: fancyhdr 2022/11/09 v4.1 Extensive control of page headers and footers

\f@nch@headwidth=\skip83
\f@nch@O@elh=\skip84
\f@nch@O@erh=\skip85
\f@nch@O@olh=\skip86
\f@nch@O@orh=\skip87
\f@nch@O@elf=\skip88
\f@nch@O@erf=\skip89
\f@nch@O@olf=\skip90
\f@nch@O@orf=\skip91
)
(/usr/share/texlive/texmf-dist/tex/latex/natbib/natbib.sty
Package: natbib 2010/09/13 8.31b (PWD, AO)
\bibhang=\skip92
\bibsep=\skip93
LaTeX Info: Redefining \cite on input line 694.
\c@NAT@ctr=\count339
)
(/usr/share/texlive/texmf-dist/tex/latex/tocloft/tocloft.sty
Package: tocloft 2017/08/31 v2.3i parameterised ToC, etc., typesetting
Package tocloft Info: The document has chapter divisions on input line 51.
\cftparskip=\skip94
\cftbeforetoctitleskip=\skip95
\cftaftertoctitleskip=\skip96
\cftbeforepartskip=\skip97
\cftpartnumwidth=\skip98
\cftpartindent=\skip99
\cftbeforechapskip=\skip100
\cftchapindent=\skip101
\cftchapnumwidth=\skip102
\cftbeforesecskip=\skip103
\cftsecindent=\skip104
\cftsecnumwidth=\skip105
\cftbeforesubsecskip=\skip106
\cftsubsecindent=\skip107
\cftsubsecnumwidth=\skip108
\cftbeforesubsubsecskip=\skip109
\cftsubsubsecindent=\skip110
\cftsubsubsecnumwidth=\skip111
\cftbeforeparaskip=\skip112
\cftparaindent=\skip113
\cftparanumwidth=\skip114
\cftbeforesubparaskip=\skip115
\cftsubparaindent=\skip116
\cftsubparanumwidth=\skip117
\cftbeforeloftitleskip=\skip118
\cftafterloftitleskip=\skip119
\cftbeforefigskip=\skip120
\cftfigindent=\skip121
\cftfignumwidth=\skip122
\c@lofdepth=\count340
\c@lotdepth=\count341
\cftbeforelottitleskip=\skip123
\cftafterlottitleskip=\skip124
\cftbeforetabskip=\skip125
\cfttabindent=\skip126
\cfttabnumwidth=\skip127
)
\@indexfile=\write5
\openout5 = `refman.idx'.


Writing index file refman.idx
(/usr/share/texlive/texmf-dist/tex/latex/newunicodechar/newunicodechar.sty
Package: newunicodechar 2018/04/08 v1.2 Defining Unicode characters
)
(/usr/share/texlive/texmf-dist/tex/latex/hyperref/hyperref.sty
Package: hyperref 2024-01-20 v7.01h Hypertext links for LaTeX

(/usr/share/texlive/texmf-dist/tex/latex/kvsetkeys/kvsetkeys.sty
Package: kvsetkeys 2022-10-05 v1.19 Key value parser (HO)
)
(/usr/share/texlive/texmf-dist/tex/generic/kvdefinekeys/kvdefinekeys.sty
Package: kvdefinekeys 2019-12-19 v1.6 Define keys (HO)
)
(/usr/share/texlive/texmf-dist/tex/generic/pdfescape/pdfescape.sty
Package: pdfescape 2019/12/09 v1.15 Implements pdfTeX's escape features (HO)

(/usr/share/texlive/texmf-dist/tex/generic/ltxcmds/ltxcmds.sty
Package: ltxcmds 2023-12-04 v1.26 LaTeX kernel commands for general use (HO)
)
(/usr/share/texlive/texmf-dist/tex/generic/pdftexcmds/pdftexcmds.sty
Package: pdftexcmds 2020-06-27 v0.33 Utility functions of pdfTeX for LuaTeX (HO
)
Package pdftexcmds Info: \pdf@primitive is available.
Package pdftexcmds Info: \pdf@ifprimitive is available.
Package pdftexcmds Info: \pdfdraftmode not found.
))
(/usr/share/texlive/texmf-dist/tex/latex/hycolor/hycolor.sty
Package: hycolor 2020-01-27 v1.10 Color options for hyperref/bookmark (HO)
)
(/usr/share/texlive/texmf-dist/tex/latex/auxhook/auxhook.sty
Package: auxhook 2019-12-17 v1.6 Hooks for auxiliary files (HO)
)
(/usr/share/texlive/texmf-dist/tex/latex/hyperref/nameref.sty
Package: nameref 2023-11-26 v2.56 Cross-referencing by name of section

(/usr/share/texlive/texmf-dist/tex/latex/refcount/refcount.sty
Package: refcount 2019/12/15 v3.6 Data extraction from label references (HO)
)
(/usr/share/texlive/texmf-dist/tex/generic/gettitlestring/gettitlestring.sty
Package: gettitlestring 2019/12/15 v1.6 Cleanup title references (HO)

(/usr/share/texlive/texmf-dist/tex/latex/kvoptions/kvoptions.sty
Package: kvoptions 2022-06-15 v3.15 Key value format for package options (HO)
))
\c@section@level=\count342
)
\@linkdim=\dimen309
\Hy@linkcounter=\count343
\Hy@pagecounter=\count344

(/usr/share/texlive/texmf-dist/tex/latex/hyperref/pd1enc.def
File: pd1enc.def 2024-01-20 v7.01h Hyperref: PDFDocEncoding definition (HO)
Now handling font encoding PD1 ...
... no UTF-8 mapping file for font encoding PD1
)
\Hy@SavedSpaceFactor=\count345

(/usr/share/texlive/texmf-dist/tex/latex/hyperref/puenc.def
File: puenc.def 2024-01-20 v7.01h Hyperref: PDF Unicode definition (HO)
Now handling font encoding PU ...
... no UTF-8 mapping file for font encoding PU
)
Package hyperref Info: Hyper figures OFF on input line 4179.
Package hyperref Info: Link nesting OFF on input line 4184.
Package hyperref Info: Hyper index ON on input line 4187.
Package hyperref Info: Plain pages OFF on input line 4194.
Package hyperref Info: Backreferencing OFF on input line 4199.
Package hyperref Info: Implicit mode ON; LaTeX internals redefined.
Package hyperref Info: Bookmarks ON on input line 4446.
\c@Hy@tempcnt=\count346

(/usr/share/texlive/texmf-dist/tex/latex/url/url.sty
\Urlmuskip=\muskip16
Package: url 2013/09/16  ver 3.4  Verb mode for urls, etc.
)
LaTeX Info: Redefining \url on input line 4784.
\XeTeXLinkMargin=\dimen310

(/usr/share/texlive/texmf-dist/tex/generic/bitset/bitset.sty
Package: bitset 2019/12/09 v1.3 Handle bit-vector datatype (HO)

(/usr/share/texlive/texmf-dist/tex/generic/bigintcalc/bigintcalc.sty
Package: bigintcalc 2019/12/15 v1.5 Expandable calculations on big integers (HO
)
))
\Fld@menulength=\count347
\Field@Width=\dimen311
\Fld@charsize=\dimen312
Package hyperref Info: Hyper figures OFF on input line 6063.
Package hyperref Info: Link nesting OFF on input line 6068.
Package hyperref Info: Hyper index ON on input line 6071.
Package hyperref Info: backreferencing OFF on input line 6078.
Package hyperref Info: Link coloring OFF on input line 6083.
Package hyperref Info: Link coloring with OCG OFF on input line 6088.
Package hyperref Info: PDF/A mode OFF on input line 6093.

(/usr/share/texlive/texmf-dist/tex/latex/base/atbegshi-ltx.sty
Package: atbegshi-ltx 2021/01/10 v1.0c Emulation of the original atbegshi
package with kernel methods
)
\Hy@abspage=\count348
\c@Item=\count349
\c@Hfootnote=\count350
)
Package hyperref Info: Driver: hdvipdfm.

(/usr/share/texlive/texmf-dist/tex/latex/hyperref/hdvipdfm.def
File: hdvipdfm.def 2024-01-20 v7.01h Hyperref driver for dvipdfm
\pdfm@box=\box145
\c@Hy@AnnotLevel=\count351
\HyField@AnnotCount=\count352
\Fld@listcount=\count353
\c@bookmark@seq@number=\count354

(/usr/share/texlive/texmf-dist/tex/latex/rerunfilecheck/rerunfilecheck.sty
Package: rerunfilecheck 2022-07-10 v1.10 Rerun checks for auxiliary files (HO)

(/usr/share/texlive/texmf-dist/tex/latex/base/atveryend-ltx.sty
Package: atveryend-ltx 2020/08/19 v1.0a Emulation of the original atveryend pac
kage
with kernel methods
)
(/usr/share/texlive/texmf-dist/tex/generic/uniquecounter/uniquecounter.sty
Package: uniquecounter 2019/12/15 v1.4 Provide unlimited unique counter (HO)
)
Package uniquecounter Info: New unique counter `rerunfilecheck' on input line 2
85.
)
\Hy@SectionHShift=\skip128
)
Package hyperref Info: Option `colorlinks' set `true' on input line 160.
Package hyperref Info: Option `unicode' set `true' on input line 160.

(/usr/share/texlive/texmf-dist/tex/latex/caption/caption.sty
Package: caption 2023/08/05 v3.6o Customizing captions (AR)

(/usr/share/texlive/texmf-dist/tex/latex/caption/caption3.sty
Package: caption3 2023/07/31 v2.4d caption3 kernel (AR)
\caption@tempdima=\dimen313
\captionmargin=\dimen314
\caption@leftmargin=\dimen315
\caption@rightmargin=\dimen316
\caption@width=\dimen317
\caption@indent=\dimen318
\caption@parindent=\dimen319
\caption@hangindent=\dimen320
Package caption Info: Standard document class detected.
)
\c@caption@flags=\count355
\c@continuedfloat=\count356
Package caption Info: changepage package is loaded.
\caption@adjustwidth@hsize=\dimen321
\caption@adjustwidth@linewidth=\dimen322
Package caption Info: float package is loaded.
Package caption Info: hyperref package is loaded.
Package caption Info: longtable package is loaded.

(/usr/share/texlive/texmf-dist/tex/latex/caption/ltcaption.sty
Package: ltcaption 2021/01/08 v1.4c longtable captions (AR)
))
(/usr/share/texlive/texmf-dist/tex/latex/etoc/etoc.sty
Package: etoc 2023/10/29 v1.2d Completely customisable TOCs (JFB)
\Etoc@toctoks=\toks47
\c@etoc@tocid=\count357
\etoc@framed@titlebox=\box146
\etoc@framed@contentsbox=\box147
)
LaTeX Font Info:    Trying to load font information for T1+phv on input line 18
2.

(/usr/share/texlive/texmf-dist/tex/latex/psnfss/t1phv.fd
File: t1phv.fd 2020/03/25 scalable font definitions for T1/phv.
)
LaTeX Font Info:    Font shape `T1/phv/m/n' will be
(Font)              scaled to size 8.99994pt on input line 182.

(/usr/share/texlive/texmf-dist/tex/latex/l3backend/l3backend-dvips.def
File: l3backend-dvips.def 2024-01-04 L3 backend support: dvips
\l__pdf_internal_box=\box148
\g__pdf_backend_object_int=\count358
\l__pdf_backend_content_box=\box149
\l__pdf_backend_model_box=\box150
\g__pdf_backend_annotation_int=\count359
\g__pdf_backend_link_int=\count360
\g__pdf_backend_link_sf_int=\count361
)
(./refman.aux)
\openout1 = `refman.aux'.

LaTeX Font Info:    Checking defaults for OML/cmm/m/it on input line 182.
LaTeX Font Info:    ... okay on input line 182.
LaTeX Font Info:    Checking defaults for OMS/cmsy/m/n on input line 182.
LaTeX Font Info:    ... okay on input line 182.
LaTeX Font Info:    Checking defaults for OT1/cmr/m/n on input line 182.
LaTeX Font Info:    ... okay on input line 182.
LaTeX Font Info:    Checking defaults for T1/cmr/m/n on input line 182.
LaTeX Font Info:    ... okay on input line 182.
LaTeX Font Info:    Checking defaults for TS1/cmr/m/n on input line 182.
LaTeX Font Info:    ... okay on input line 182.
LaTeX Font Info:    Checking defaults for OMX/cmex/m/n on input line 182.
LaTeX Font Info:    ... okay on input line 182.
LaTeX Font Info:    Checking defaults for U/cmr/m/n on input line 182.
LaTeX Font Info:    ... okay on input line 182.
LaTeX Font Info:    Checking defaults for JY1/mc/m/n on input line 182.
LaTeX Font Info:    ... okay on input line 182.
LaTeX Font Info:    Checking defaults for JT1/mc/m/n on input line 182.
LaTeX Font Info:    ... okay on input line 182.
LaTeX Font Info:    Checking defaults for PD1/pdf/m/n on input line 182.
LaTeX Font Info:    ... okay on input line 182.
LaTeX Font Info:    Checking defaults for PU/pdf/m/n on input line 182.
LaTeX Font Info:    ... okay on input line 182.

*geometry* driver: auto-detecting
*geometry* detected driver: dvips
*geometry* verbose mode - [ preamble ] result:
* driver: dvips
* paper: a4paper
* layout: <same size as paper>
* layoutoffset:(h,v)=(0.0pt,0.0pt)
* modes: twoside 
* h-part:(L,W,R)=(71.13188pt, 455.24411pt, 71.13188pt)
* v-part:(T,H,B)=(71.13188pt, 702.78308pt, 71.13188pt)
* \paperwidth=597.50787pt
* \paperheight=845.04684pt
* \textwidth=455.24411pt
* \textheight=702.78308pt
* \oddsidemargin=-1.1381pt
* \evensidemargin=-1.1381pt
* \topmargin=-31.2056pt
* \headheight=12.0pt
* \headsep=18.06749pt
* \topskip=10.0pt
* \footskip=25.29494pt
* \marginparwidth=125.0pt
* \marginparsep=7.0pt
* \columnsep=10.0pt
* \skip\footins=9.0pt plus 4.0pt minus 2.0pt
* \hoffset=0.0pt
* \voffset=0.0pt
* \mag=1000
* \@twocolumnfalse
* \@twosidetrue
* \@mparswitchtrue
* \@reversemarginfalse
* (1in=72.27pt=25.4mm, 1cm=28.453pt)

Package hyperref Info: Link coloring ON on input line 182.
(./refman.out) (./refman.out)
\@outlinefile=\write6
\openout6 = `refman.out'.

Package caption Info: Begin \AtBeginDocument code.
Package caption Info: End \AtBeginDocument code.
\Etoc@tf=\read5
Package hyperref Info: Option `pageanchor' set `false' on input line 190.
Package hyperref Info: Option `bookmarksnumbered' set `true' on input line 190.

Package hyperref Info: Option `unicode' set `true' on input line 190.
LaTeX Font Info:    Font shape `T1/phv/m/n' will be
(Font)              scaled to size 12.9599pt on input line 195.
LaTeX Font Info:    Font shape `T1/phv/m/n' will be
(Font)              scaled to size 10.79993pt on input line 197.
 [1


] [2

]
\tf@toc=\write7
\openout7 = `refman.toc'.

LaTeX Font Info:    Font shape `JT1/mc/b/n' in size <10> not available
(Font)              Font shape `JT1/mc/bx/n' tried instead on input line 203.
LaTeX Font Info:    Font shape `JT1/mc/bx/n' in size <10> not available
(Font)              Font shape `JT1/gt/m/n' tried instead on input line 203.
LaTeX Font Info:    Font shape `JY1/mc/b/n' in size <10> not available
(Font)              Font shape `JY1/mc/bx/n' tried instead on input line 203.
LaTeX Font Info:    Font shape `JY1/mc/bx/n' in size <10> not available
(Font)              Font shape `JY1/gt/m/n' tried instead on input line 203.
LaTeX Font Info:    Font shape `T1/phv/b/n' will be
(Font)              scaled to size 8.99994pt on input line 203.
LaTeX Font Info:    Trying to load font information for U+msa on input line 203
.

(/usr/share/texlive/texmf-dist/tex/latex/amsfonts/umsa.fd
File: umsa.fd 2013/01/14 v3.01 AMS symbols A
)
LaTeX Font Info:    Trying to load font information for U+msb on input line 203
.

(/usr/share/texlive/texmf-dist/tex/latex/amsfonts/umsb.fd
File: umsb.fd 2013/01/14 v3.01 AMS symbols B
)
LaTeX Font Info:    Trying to load font information for U+wasy on input line 20
3.

(/usr/share/texlive/texmf-dist/tex/latex/wasysym/uwasy.fd
File: uwasy.fd 2020/01/19 v2.4 Wasy-2 symbol font definitions
)
LaTeX Font Info:    Font shape `JT1/mc/b/n' in size <7> not available
(Font)              Font shape `JT1/mc/bx/n' tried instead on input line 203.
LaTeX Font Info:    Font shape `JT1/mc/bx/n' in size <7> not available
(Font)              Font shape `JT1/gt/m/n' tried instead on input line 203.
LaTeX Font Info:    Font shape `JY1/mc/b/n' in size <7> not available
(Font)              Font shape `JY1/mc/bx/n' tried instead on input line 203.
LaTeX Font Info:    Font shape `JY1/mc/bx/n' in size <7> not available
(Font)              Font shape `JY1/gt/m/n' tried instead on input line 203.
LaTeX Font Info:    Font shape `T1/phv/b/n' will be
(Font)              scaled to size 6.29996pt on input line 203.
 [1]
LaTeX Font Info:    Font shape `T1/phv/m/n' will be
(Font)              scaled to size 6.29996pt on input line 203.
 [2] [3] [4

]
Package hyperref Info: Option `pageanchor' set `true' on input line 206.

Chapter 1.
LaTeX Font Info:    Font shape `T1/phv/m/n' will be
(Font)              scaled to size 18.66588pt on input line 208.
LaTeX Font Info:    Font shape `JT1/mc/b/n' in size <20.74> not available
(Font)              Font shape `JT1/mc/bx/n' tried instead on input line 208.
LaTeX Font Info:    Font shape `JT1/mc/bx/n' in size <20.74> not available
(Font)              Font shape `JT1/gt/m/n' tried instead on input line 208.
LaTeX Font Info:    Font shape `JY1/mc/b/n' in size <20.74> not available
(Font)              Font shape `JY1/mc/bx/n' tried instead on input line 208.
LaTeX Font Info:    Font shape `JY1/mc/bx/n' in size <20.74> not available
(Font)              Font shape `JY1/gt/m/n' tried instead on input line 208.
LaTeX Font Info:    Font shape `T1/phv/b/n' will be
(Font)              scaled to size 18.66588pt on input line 208.
LaTeX Font Info:    Font shape `JT1/mc/b/n' in size <24.88> not available
(Font)              Font shape `JT1/mc/bx/n' tried instead on input line 208.
LaTeX Font Info:    Font shape `JT1/mc/bx/n' in size <24.88> not available
(Font)              Font shape `JT1/gt/m/n' tried instead on input line 208.
LaTeX Font Info:    Font shape `JY1/mc/b/n' in size <24.88> not available
(Font)              Font shape `JY1/mc/bx/n' tried instead on input line 208.
LaTeX Font Info:    Font shape `JY1/mc/bx/n' in size <24.88> not available
(Font)              Font shape `JY1/gt/m/n' tried instead on input line 208.
LaTeX Font Info:    Font shape `T1/phv/b/n' will be
(Font)              scaled to size 22.39185pt on input line 208.
(./annotated.tex
LaTeX Font Info:    Font shape `JT1/mc/b/n' in size <14.4> not available
(Font)              Font shape `JT1/mc/bx/n' tried instead on input line 1.
LaTeX Font Info:    Font shape `JT1/mc/bx/n' in size <14.4> not available
(Font)              Font shape `JT1/gt/m/n' tried instead on input line 1.
LaTeX Font Info:    Font shape `JY1/mc/b/n' in size <14.4> not available
(Font)              Font shape `JY1/mc/bx/n' tried instead on input line 1.
LaTeX Font Info:    Font shape `JY1/mc/bx/n' in size <14.4> not available
(Font)              Font shape `JY1/gt/m/n' tried instead on input line 1.
LaTeX Font Info:    Font shape `T1/phv/b/n' will be
(Font)              scaled to size 12.9599pt on input line 1.
) [1

] [2

]
Chapter 2.
(./files.tex) [3] [4

]
Chapter 3.
(./classSQCompiler.tex
File: classSQCompiler__coll__graph.pdf Graphic file (type pdf)
<classSQCompiler__coll__graph.pdf>
LaTeX Font Info:    Trying to load font information for TS1+phv on input line 2
1.

(/usr/share/texlive/texmf-dist/tex/latex/psnfss/ts1phv.fd
File: ts1phv.fd 2020/03/25 scalable font definitions for TS1/phv.
)
LaTeX Font Info:    Font shape `TS1/phv/m/n' will be
(Font)              scaled to size 8.99994pt on input line 21.
LaTeX Font Info:    Font shape `T1/phv/m/n' will be
(Font)              scaled to size 8.09995pt on input line 22.
LaTeX Font Info:    Kanji font shape `JY1/gt/m/it' undefined
(Font)              No change on input line 22.
LaTeX Font Info:    Font shape `T1/phv/m/it' in size <9> not available
(Font)              Font shape `T1/phv/m/sl' tried instead on input line 22.
LaTeX Font Info:    Font shape `T1/phv/m/sl' will be
(Font)              scaled to size 8.09995pt on input line 22.
LaTeX Font Info:    Kanji font shape `JY1/gt/m/it' undefined
(Font)              No change on input line 24.
LaTeX Font Info:    Kanji font shape `JY1/gt/m/it' undefined
(Font)              No change on input line 26.
LaTeX Font Info:    Kanji font shape `JY1/gt/m/it' undefined
(Font)              No change on input line 28.
LaTeX Font Info:    Kanji font shape `JY1/gt/m/it' undefined
(Font)              No change on input line 30.
LaTeX Font Info:    Kanji font shape `JY1/gt/m/it' undefined
(Font)              No change on input line 32.
LaTeX Font Info:    Kanji font shape `JY1/gt/m/it' undefined
(Font)              No change on input line 34.
LaTeX Font Info:    Font shape `T1/phv/m/it' in size <7> not available
(Font)              Font shape `T1/phv/m/sl' tried instead on input line 34.
LaTeX Font Info:    Font shape `T1/phv/m/sl' will be
(Font)              scaled to size 6.29996pt on input line 34.
LaTeX Font Info:    Kanji font shape `JY1/gt/m/it' undefined
(Font)              No change on input line 36.
 [5]
LaTeX Font Info:    Kanji font shape `JY1/gt/m/it' undefined
(Font)              No change on input line 38.
LaTeX Font Info:    Kanji font shape `JY1/gt/m/it' undefined
(Font)              No change on input line 40.
LaTeX Font Info:    Kanji font shape `JY1/gt/m/it' undefined
(Font)              No change on input line 42.
LaTeX Font Info:    Kanji font shape `JY1/gt/m/it' undefined
(Font)              No change on input line 44.
LaTeX Font Info:    Kanji font shape `JY1/gt/m/it' undefined
(Font)              No change on input line 46.
LaTeX Font Info:    Kanji font shape `JY1/gt/m/it' undefined
(Font)              No change on input line 48.
LaTeX Font Info:    Kanji font shape `JY1/gt/m/it' undefined
(Font)              No change on input line 50.
LaTeX Font Info:    Font shape `T1/phv/m/n' will be
(Font)              scaled to size 7.19995pt on input line 51.
LaTeX Font Info:    Kanji font shape `JY1/gt/m/it' undefined
(Font)              No change on input line 52.
LaTeX Font Info:    Kanji font shape `JY1/gt/m/it' undefined
(Font)              No change on input line 54.
LaTeX Font Info:    Kanji font shape `JY1/gt/m/it' undefined
(Font)              No change on input line 56.
LaTeX Font Info:    Kanji font shape `JY1/gt/m/it' undefined
(Font)              No change on input line 58.
LaTeX Font Info:    Kanji font shape `JY1/gt/m/it' undefined
(Font)              No change on input line 60.
LaTeX Font Info:    Kanji font shape `JY1/gt/m/it' undefined
(Font)              No change on input line 62.
LaTeX Font Info:    Kanji font shape `JY1/gt/m/it' undefined
(Font)              No change on input line 64.
LaTeX Font Info:    Kanji font shape `JY1/gt/m/it' undefined
(Font)              No change on input line 66.
LaTeX Font Info:    Kanji font shape `JY1/gt/m/it' undefined
(Font)              No change on input line 68.
LaTeX Font Info:    Kanji font shape `JY1/gt/m/it' undefined
(Font)              No change on input line 70.
LaTeX Font Info:    Kanji font shape `JY1/gt/m/it' undefined
(Font)              No change on input line 72.
LaTeX Font Info:    Kanji font shape `JY1/gt/m/it' undefined
(Font)              No change on input line 74.
LaTeX Font Info:    Kanji font shape `JY1/gt/m/it' undefined
(Font)              No change on input line 76.
LaTeX Font Info:    Kanji font shape `JY1/gt/m/it' undefined
(Font)              No change on input line 78.
LaTeX Font Info:    Kanji font shape `JY1/gt/m/it' undefined
(Font)              No change on input line 80.
LaTeX Font Info:    Kanji font shape `JY1/gt/m/it' undefined
(Font)              No change on input line 82.
LaTeX Font Info:    Kanji font shape `JY1/gt/m/it' undefined
(Font)              No change on input line 84.
 [6]
LaTeX Font Info:    Kanji font shape `JY1/gt/m/it' undefined
(Font)              No change on input line 86.
LaTeX Font Info:    Kanji font shape `JY1/gt/m/it' undefined
(Font)              No change on input line 88.
LaTeX Font Info:    Kanji font shape `JY1/gt/m/it' undefined
(Font)              No change on input line 90.
LaTeX Font Info:    Kanji font shape `JY1/gt/m/it' undefined
(Font)              No change on input line 92.
LaTeX Font Info:    Kanji font shape `JY1/gt/m/it' undefined
(Font)              No change on input line 94.
LaTeX Font Info:    Kanji font shape `JY1/gt/m/it' undefined
(Font)              No change on input line 96.
LaTeX Font Info:    Kanji font shape `JY1/gt/m/it' undefined
(Font)              No change on input line 98.
LaTeX Font Info:    Trying to load font information for T1+pcr on input line 98
.

(/usr/share/texlive/texmf-dist/tex/latex/psnfss/t1pcr.fd
File: t1pcr.fd 2001/06/04 font definitions for T1/pcr.
)
LaTeX Font Info:    Font shape `T1/pcr/m/it' in size <9> not available
(Font)              Font shape `T1/pcr/m/sl' tried instead on input line 98.
LaTeX Font Info:    Kanji font shape `JY1/gt/m/it' undefined
(Font)              No change on input line 100.
LaTeX Font Info:    Kanji font shape `JY1/gt/m/it' undefined
(Font)              No change on input line 102.
LaTeX Font Info:    Kanji font shape `JY1/gt/m/it' undefined
(Font)              No change on input line 104.
LaTeX Font Info:    Kanji font shape `JY1/gt/m/it' undefined
(Font)              No change on input line 106.
LaTeX Font Info:    Kanji font shape `JY1/gt/m/it' undefined
(Font)              No change on input line 108.
LaTeX Font Info:    Kanji font shape `JY1/gt/m/it' undefined
(Font)              No change on input line 110.
LaTeX Font Info:    Kanji font shape `JY1/gt/m/it' undefined
(Font)              No change on input line 112.
LaTeX Font Info:    Kanji font shape `JY1/gt/m/it' undefined
(Font)              No change on input line 114.
LaTeX Font Info:    Kanji font shape `JY1/gt/m/it' undefined
(Font)              No change on input line 116.
LaTeX Font Info:    Kanji font shape `JY1/gt/m/it' undefined
(Font)              No change on input line 118.
LaTeX Font Info:    Kanji font shape `JY1/gt/m/it' undefined
(Font)              No change on input line 120.
LaTeX Font Info:    Kanji font shape `JY1/gt/m/it' undefined
(Font)              No change on input line 122.
LaTeX Font Info:    Kanji font shape `JY1/gt/m/it' undefined
(Font)              No change on input line 124.
LaTeX Font Info:    Kanji font shape `JY1/gt/m/it' undefined
(Font)              No change on input line 126.
LaTeX Font Info:    Kanji font shape `JY1/gt/m/it' undefined
(Font)              No change on input line 128.
LaTeX Font Info:    Kanji font shape `JY1/gt/m/it' undefined
(Font)              No change on input line 130.
LaTeX Font Info:    Kanji font shape `JY1/gt/m/it' undefined
(Font)              No change on input line 132.
LaTeX Font Info:    Kanji font shape `JY1/gt/m/it' undefined
(Font)              No change on input line 134.
LaTeX Font Info:    Kanji font shape `JY1/gt/m/it' undefined
(Font)              No change on input line 136.
 [7]
LaTeX Font Info:    Kanji font shape `JY1/gt/m/it' undefined
(Font)              No change on input line 141.
LaTeX Font Info:    Kanji font shape `JY1/gt/m/it' undefined
(Font)              No change on input line 146.
LaTeX Font Info:    Kanji font shape `JY1/gt/m/it' undefined
(Font)              No change on input line 148.
LaTeX Font Info:    Kanji font shape `JY1/gt/m/it' undefined
(Font)              No change on input line 150.
LaTeX Font Info:    Kanji font shape `JY1/gt/m/it' undefined
(Font)              No change on input line 152.
LaTeX Font Info:    Kanji font shape `JY1/gt/m/it' undefined
(Font)              No change on input line 154.
LaTeX Font Info:    Kanji font shape `JY1/gt/m/it' undefined
(Font)              No change on input line 156.
LaTeX Font Info:    Kanji font shape `JY1/gt/m/it' undefined
(Font)              No change on input line 158.
LaTeX Font Info:    Kanji font shape `JY1/gt/m/it' undefined
(Font)              No change on input line 160.
LaTeX Font Info:    Kanji font shape `JY1/gt/m/it' undefined
(Font)              No change on input line 162.
LaTeX Font Info:    Kanji font shape `JY1/gt/m/it' undefined
(Font)              No change on input line 164.
LaTeX Font Info:    Kanji font shape `JY1/gt/m/it' undefined
(Font)              No change on input line 166.
LaTeX Font Info:    Kanji font shape `JY1/gt/m/it' undefined
(Font)              No change on input line 168.
LaTeX Font Info:    Kanji font shape `JY1/gt/m/it' undefined
(Font)              No change on input line 170.
LaTeX Font Info:    Font shape `JT1/mc/b/n' in size <12> not available
(Font)              Font shape `JT1/mc/bx/n' tried instead on input line 173.
LaTeX Font Info:    Font shape `JT1/mc/bx/n' in size <12> not available
(Font)              Font shape `JT1/gt/m/n' tried instead on input line 173.
LaTeX Font Info:    Font shape `JY1/mc/b/n' in size <12> not available
(Font)              Font shape `JY1/mc/bx/n' tried instead on input line 173.
LaTeX Font Info:    Font shape `JY1/mc/bx/n' in size <12> not available
(Font)              Font shape `JY1/gt/m/n' tried instead on input line 173.
LaTeX Font Info:    Font shape `T1/phv/b/n' will be
(Font)              scaled to size 10.79993pt on input line 173.
LaTeX Font Info:    Kanji font shape `JY1/gt/m/it' undefined
(Font)              No change on input line 187.
LaTeX Font Info:    Font shape `T1/pcr/m/it' in size <8> not available
(Font)              Font shape `T1/pcr/m/sl' tried instead on input line 187.
LaTeX Font Info:    Kanji font shape `JY1/gt/m/it' undefined
(Font)              No change on input line 187.
LaTeX Font Info:    Kanji font shape `JY1/gt/m/it' undefined
(Font)              No change on input line 187.
LaTeX Font Info:    Kanji font shape `JY1/gt/m/it' undefined
(Font)              No change on input line 187.
LaTeX Font Info:    Kanji font shape `JY1/gt/m/it' undefined
(Font)              No change on input line 187.
LaTeX Font Info:    Kanji font shape `JY1/gt/m/it' undefined
(Font)              No change on input line 187.
 [8]
LaTeX Font Info:    Kanji font shape `JY1/gt/m/it' undefined
(Font)              No change on input line 1.
LaTeX Font Info:    Kanji font shape `JY1/gt/m/it' undefined
(Font)              No change on input line 3.
LaTeX Font Info:    Kanji font shape `JY1/gt/m/it' undefined
(Font)              No change on input line 5.
LaTeX Font Info:    Kanji font shape `JY1/gt/m/it' undefined
(Font)              No change on input line 7.
LaTeX Font Info:    Kanji font shape `JY1/gt/m/it' undefined
(Font)              No change on input line 9.
LaTeX Font Info:    Kanji font shape `JY1/gt/m/it' undefined
(Font)              No change on input line 11.

Underfull \hbox (badness 3919) in paragraph at lines 227--228
[]\T1/phv/m/n/10 References [], [], [], [], [], [], [], [],
 []

File: classSQCompiler_a70b5da16126b868ed56de4dacc541c6e_cgraph.pdf Graphic file
 (type pdf)
<classSQCompiler_a70b5da16126b868ed56de4dacc541c6e_cgraph.pdf>
LaTeX Font Info:    Kanji font shape `JY1/gt/m/it' undefined
(Font)              No change on input line 245.
LaTeX Font Info:    Kanji font shape `JY1/gt/m/it' undefined
(Font)              No change on input line 245.
LaTeX Font Info:    Kanji font shape `JY1/gt/m/it' undefined
(Font)              No change on input line 245.
[9]
LaTeX Font Info:    Kanji font shape `JY1/gt/m/it' undefined
(Font)              No change on input line 1.
LaTeX Font Info:    Kanji font shape `JY1/gt/m/it' undefined
(Font)              No change on input line 1.
LaTeX Font Info:    Kanji font shape `JY1/gt/m/it' undefined
(Font)              No change on input line 3.
LaTeX Font Info:    Kanji font shape `JY1/gt/m/it' undefined
(Font)              No change on input line 5.
File: classSQCompiler_aeeeb5cd4a917c9f5dfd4b42f72dd0ade_cgraph.pdf Graphic file
 (type pdf)
<classSQCompiler_aeeeb5cd4a917c9f5dfd4b42f72dd0ade_cgraph.pdf>
File: classSQCompiler_aeeeb5cd4a917c9f5dfd4b42f72dd0ade_icgraph.pdf Graphic fil
e (type pdf)
<classSQCompiler_aeeeb5cd4a917c9f5dfd4b42f72dd0ade_icgraph.pdf>
 [10]
File: classSQCompiler_a5a1f6d4aa52e8bcefde3b231cf587380_cgraph.pdf Graphic file
 (type pdf)
<classSQCompiler_a5a1f6d4aa52e8bcefde3b231cf587380_cgraph.pdf>
File: classSQCompiler_a5a1f6d4aa52e8bcefde3b231cf587380_icgraph.pdf Graphic fil
e (type pdf)
<classSQCompiler_a5a1f6d4aa52e8bcefde3b231cf587380_icgraph.pdf>
 [11]
File: classSQCompiler_ab3c29886d0f504a4866a8bcd1d99fbe7_cgraph.pdf Graphic file
 (type pdf)
<classSQCompiler_ab3c29886d0f504a4866a8bcd1d99fbe7_cgraph.pdf>
File: classSQCompiler_ab3c29886d0f504a4866a8bcd1d99fbe7_icgraph.pdf Graphic fil
e (type pdf)
<classSQCompiler_ab3c29886d0f504a4866a8bcd1d99fbe7_icgraph.pdf>
 [12]
File: classSQCompiler_ad89842a1c23b6c61c7a65d4570d4eeed_cgraph.pdf Graphic file
 (type pdf)
<classSQCompiler_ad89842a1c23b6c61c7a65d4570d4eeed_cgraph.pdf>
File: classSQCompiler_ad89842a1c23b6c61c7a65d4570d4eeed_icgraph.pdf Graphic fil
e (type pdf)
<classSQCompiler_ad89842a1c23b6c61c7a65d4570d4eeed_icgraph.pdf>
 [13]
LaTeX Font Info:    Kanji font shape `JY1/gt/m/it' undefined
(Font)              No change on input line 452.
LaTeX Font Info:    Kanji font shape `JY1/gt/m/it' undefined
(Font)              No change on input line 1.

Underfull \hbox (badness 10000) detected at line 463
[][][]
 []

File: classSQCompiler_a1af65b4878a2285205989ffc279f62c5_icgraph.pdf Graphic fil
e (type pdf)
<classSQCompiler_a1af65b4878a2285205989ffc279f62c5_icgraph.pdf>
[14]
LaTeX Font Info:    Kanji font shape `JY1/gt/m/it' undefined
(Font)              No change on input line 501.
LaTeX Font Info:    Kanji font shape `JY1/gt/m/it' undefined
(Font)              No change on input line 1.

Underfull \hbox (badness 10000) detected at line 512
[][][]
 []

File: classSQCompiler_af9c478d16d44b99f59e0d634bd14f779_icgraph.pdf Graphic fil
e (type pdf)
<classSQCompiler_af9c478d16d44b99f59e0d634bd14f779_icgraph.pdf>
[15]
File: classSQCompiler_a2b95f8faf23581a6f0e646408bcde1ef_cgraph.pdf Graphic file
 (type pdf)
<classSQCompiler_a2b95f8faf23581a6f0e646408bcde1ef_cgraph.pdf>
File: classSQCompiler_a2b95f8faf23581a6f0e646408bcde1ef_icgraph.pdf Graphic fil
e (type pdf)
<classSQCompiler_a2b95f8faf23581a6f0e646408bcde1ef_icgraph.pdf>
 [16]
File: classSQCompiler_a02ff7d0e5d3694082d16f756a70e7ba3_cgraph.pdf Graphic file
 (type pdf)
<classSQCompiler_a02ff7d0e5d3694082d16f756a70e7ba3_cgraph.pdf>
 [17]
File: classSQCompiler_a02ff7d0e5d3694082d16f756a70e7ba3_icgraph.pdf Graphic fil
e (type pdf)
<classSQCompiler_a02ff7d0e5d3694082d16f756a70e7ba3_icgraph.pdf>
File: classSQCompiler_a73eeb5bacd889fbba91957a748a87f5d_cgraph.pdf Graphic file
 (type pdf)
<classSQCompiler_a73eeb5bacd889fbba91957a748a87f5d_cgraph.pdf>
 [18]
File: classSQCompiler_a73eeb5bacd889fbba91957a748a87f5d_icgraph.pdf Graphic fil
e (type pdf)
<classSQCompiler_a73eeb5bacd889fbba91957a748a87f5d_icgraph.pdf>
File: classSQCompiler_a00b27cd6609f56579aef2c792424099c_cgraph.pdf Graphic file
 (type pdf)
<classSQCompiler_a00b27cd6609f56579aef2c792424099c_cgraph.pdf>
 [19]
File: classSQCompiler_a00b27cd6609f56579aef2c792424099c_icgraph.pdf Graphic fil
e (type pdf)
<classSQCompiler_a00b27cd6609f56579aef2c792424099c_icgraph.pdf>
LaTeX Font Info:    Kanji font shape `JY1/gt/m/it' undefined
(Font)              No change on input line 773.
LaTeX Font Info:    Kanji font shape `JY1/gt/m/it' undefined
(Font)              No change on input line 1.


Package longtable Warning: Column widths have changed
(longtable)                in table 3.6 on input line 783.


Overfull \vbox (8.6335pt too high) has occurred while \output is active []


[20]
Underfull \hbox (badness 10000) detected at line 784
[][][]
 []

File: classSQCompiler_a77a8db2b1019cdebc75b19af93d0882e_cgraph.pdf Graphic file
 (type pdf)
<classSQCompiler_a77a8db2b1019cdebc75b19af93d0882e_cgraph.pdf>
File: classSQCompiler_a77a8db2b1019cdebc75b19af93d0882e_icgraph.pdf Graphic fil
e (type pdf)
<classSQCompiler_a77a8db2b1019cdebc75b19af93d0882e_icgraph.pdf>
[21]
LaTeX Font Info:    Kanji font shape `JY1/gt/m/it' undefined
(Font)              No change on input line 860.
LaTeX Font Info:    Kanji font shape `JY1/gt/m/it' undefined
(Font)              No change on input line 860.
LaTeX Font Info:    Kanji font shape `JY1/gt/m/it' undefined
(Font)              No change on input line 860.
LaTeX Font Info:    Kanji font shape `JY1/gt/m/it' undefined
(Font)              No change on input line 1.
LaTeX Font Info:    Kanji font shape `JY1/gt/m/it' undefined
(Font)              No change on input line 3.
LaTeX Font Info:    Kanji font shape `JY1/gt/m/it' undefined
(Font)              No change on input line 5.
 [22]
File: classSQCompiler_acfbb45098988f03a7798b7f04d52beb1_cgraph.pdf Graphic file
 (type pdf)
<classSQCompiler_acfbb45098988f03a7798b7f04d52beb1_cgraph.pdf>
File: classSQCompiler_acfbb45098988f03a7798b7f04d52beb1_icgraph.pdf Graphic fil
e (type pdf)
<classSQCompiler_acfbb45098988f03a7798b7f04d52beb1_icgraph.pdf>
 [23]
Underfull \hbox (badness 756) in paragraph at lines 1002--1003
[]\T1/phv/m/n/10 References [], [], [], [], [], [], [], [],
 []

File: classSQCompiler_a1cd77fe06b545963e8f6a3d82e08b9ff_cgraph.pdf Graphic file
 (type pdf)
<classSQCompiler_a1cd77fe06b545963e8f6a3d82e08b9ff_cgraph.pdf>
File: classSQCompiler_a1cd77fe06b545963e8f6a3d82e08b9ff_icgraph.pdf Graphic fil
e (type pdf)
<classSQCompiler_a1cd77fe06b545963e8f6a3d82e08b9ff_icgraph.pdf>
[24]
Underfull \hbox (badness 3333) in paragraph at lines 1058--1059
[]\T1/phv/m/n/10 References [], [], [], [], [],
 []

File: classSQCompiler_aaa75fc0c44c91cf785061387a40d1ef1_cgraph.pdf Graphic file
 (type pdf)
<classSQCompiler_aaa75fc0c44c91cf785061387a40d1ef1_cgraph.pdf>
File: classSQCompiler_aaa75fc0c44c91cf785061387a40d1ef1_icgraph.pdf Graphic fil
e (type pdf)
<classSQCompiler_aaa75fc0c44c91cf785061387a40d1ef1_icgraph.pdf>
[25]
LaTeX Font Info:    Kanji font shape `JY1/gt/m/it' undefined
(Font)              No change on input line 1084.
LaTeX Font Info:    Kanji font shape `JY1/gt/m/it' undefined
(Font)              No change on input line 1084.
LaTeX Font Info:    Kanji font shape `JY1/gt/m/it' undefined
(Font)              No change on input line 1.
LaTeX Font Info:    Kanji font shape `JY1/gt/m/it' undefined
(Font)              No change on input line 3.
File: classSQCompiler_a2158f18885cd1213471ed1e5e224cb1c_icgraph.pdf Graphic fil
e (type pdf)
<classSQCompiler_a2158f18885cd1213471ed1e5e224cb1c_icgraph.pdf>
LaTeX Font Info:    Kanji font shape `JY1/gt/m/it' undefined
(Font)              No change on input line 1130.
LaTeX Font Info:    Kanji font shape `JY1/gt/m/it' undefined
(Font)              No change on input line 1130.
LaTeX Font Info:    Kanji font shape `JY1/gt/m/it' undefined
(Font)              No change on input line 1130.
 [26]
LaTeX Font Info:    Kanji font shape `JY1/gt/m/it' undefined
(Font)              No change on input line 1.
LaTeX Font Info:    Kanji font shape `JY1/gt/m/it' undefined
(Font)              No change on input line 3.
LaTeX Font Info:    Kanji font shape `JY1/gt/m/it' undefined
(Font)              No change on input line 5.

Underfull \hbox (badness 820) in paragraph at lines 1190--1191
[]\T1/phv/m/n/10 References [], [], [], [], [], [], and
 []

File: classSQCompiler_a02b988ff4e25803ea4ac1e652c11f5f0_cgraph.pdf Graphic file
 (type pdf)
<classSQCompiler_a02b988ff4e25803ea4ac1e652c11f5f0_cgraph.pdf>
[27]
File: classSQCompiler_a02b988ff4e25803ea4ac1e652c11f5f0_icgraph.pdf Graphic fil
e (type pdf)
<classSQCompiler_a02b988ff4e25803ea4ac1e652c11f5f0_icgraph.pdf>
LaTeX Font Info:    Kanji font shape `JY1/gt/m/it' undefined
(Font)              No change on input line 1216.
LaTeX Font Info:    Kanji font shape `JY1/gt/m/it' undefined
(Font)              No change on input line 1.
File: classSQCompiler_a4af832e2c832a83140aada59d4bca706_icgraph.pdf Graphic fil
e (type pdf)
<classSQCompiler_a4af832e2c832a83140aada59d4bca706_icgraph.pdf>
 [28]
LaTeX Font Info:    Kanji font shape `JY1/gt/m/it' undefined
(Font)              No change on input line 1261.
LaTeX Font Info:    Kanji font shape `JY1/gt/m/it' undefined
(Font)              No change on input line 1261.
LaTeX Font Info:    Kanji font shape `JY1/gt/m/it' undefined
(Font)              No change on input line 1.
LaTeX Font Info:    Kanji font shape `JY1/gt/m/it' undefined
(Font)              No change on input line 3.
File: classSQCompiler_ab89e647809f3a277524981cba3d293e8_icgraph.pdf Graphic fil
e (type pdf)
<classSQCompiler_ab89e647809f3a277524981cba3d293e8_icgraph.pdf>
 [29]
LaTeX Font Info:    Kanji font shape `JY1/gt/m/it' undefined
(Font)              No change on input line 1313.
LaTeX Font Info:    Kanji font shape `JY1/gt/m/it' undefined
(Font)              No change on input line 1313.
LaTeX Font Info:    Kanji font shape `JY1/gt/m/it' undefined
(Font)              No change on input line 1.
LaTeX Font Info:    Kanji font shape `JY1/gt/m/it' undefined
(Font)              No change on input line 3.
File: classSQCompiler_a553210dc242e86ff6563c53ede438012_icgraph.pdf Graphic fil
e (type pdf)
<classSQCompiler_a553210dc242e86ff6563c53ede438012_icgraph.pdf>
 [30]
File: classSQCompiler_ab18a57cb55ed5fdad9da5de8d7755407_cgraph.pdf Graphic file
 (type pdf)
<classSQCompiler_ab18a57cb55ed5fdad9da5de8d7755407_cgraph.pdf>
File: classSQCompiler_ab18a57cb55ed5fdad9da5de8d7755407_icgraph.pdf Graphic fil
e (type pdf)
<classSQCompiler_ab18a57cb55ed5fdad9da5de8d7755407_icgraph.pdf>
 [31]
File: classSQCompiler_a287696e418e3677a004f1a66b2da81e2_cgraph.pdf Graphic file
 (type pdf)
<classSQCompiler_a287696e418e3677a004f1a66b2da81e2_cgraph.pdf>
File: classSQCompiler_a287696e418e3677a004f1a66b2da81e2_icgraph.pdf Graphic fil
e (type pdf)
<classSQCompiler_a287696e418e3677a004f1a66b2da81e2_icgraph.pdf>
LaTeX Font Info:    Kanji font shape `JY1/gt/m/it' undefined
(Font)              No change on input line 1485.
LaTeX Font Info:    Kanji font shape `JY1/gt/m/it' undefined
(Font)              No change on input line 1485.
 [32]
LaTeX Font Info:    Kanji font shape `JY1/gt/m/it' undefined
(Font)              No change on input line 1.
LaTeX Font Info:    Kanji font shape `JY1/gt/m/it' undefined
(Font)              No change on input line 3.
File: classSQCompiler_a101d3143a4a8b35f1b9dd270b670874e_icgraph.pdf Graphic fil
e (type pdf)
<classSQCompiler_a101d3143a4a8b35f1b9dd270b670874e_icgraph.pdf>
LaTeX Font Info:    Kanji font shape `JY1/gt/m/it' undefined
(Font)              No change on input line 1533.
LaTeX Font Info:    Kanji font shape `JY1/gt/m/it' undefined
(Font)              No change on input line 1.
 [33]
Underfull \hbox (badness 10000) detected at line 1544
[][][]
 []


Underfull \hbox (badness 10000) in paragraph at lines 1611--1612
[]\T1/phv/m/n/10 , [], [], [], [], [],
 []


Underfull \hbox (badness 7595) in paragraph at lines 1611--1612
[]\T1/phv/m/n/10 , [], [], [], [], [],
 []

File: classSQCompiler_a99d30c29c6afc80dcbb4afe5bd14c583_cgraph.pdf Graphic file
 (type pdf)
<classSQCompiler_a99d30c29c6afc80dcbb4afe5bd14c583_cgraph.pdf>
[34]
File: classSQCompiler_a99d30c29c6afc80dcbb4afe5bd14c583_icgraph.pdf Graphic fil
e (type pdf)
<classSQCompiler_a99d30c29c6afc80dcbb4afe5bd14c583_icgraph.pdf>

Underfull \hbox (badness 10000) detected at line 1639
[][][]
 []

[35]
File: classSQCompiler_a2cff88b179f8a12b773996f40816d136_cgraph.pdf Graphic file
 (type pdf)
<classSQCompiler_a2cff88b179f8a12b773996f40816d136_cgraph.pdf>
File: classSQCompiler_a2cff88b179f8a12b773996f40816d136_icgraph.pdf Graphic fil
e (type pdf)
<classSQCompiler_a2cff88b179f8a12b773996f40816d136_icgraph.pdf>
 [36] [37]
Overfull \hbox (17.23166pt too wide) in paragraph at lines 1818--1819
[]\T1/phv/m/n/10 References [], [], [], [], [], [], [], [],
 []


Underfull \hbox (badness 2772) in paragraph at lines 1822--1823
[]\T1/phv/m/n/10 Referenced by [], [], [], [], [], [],
 []


Overfull \hbox (23.97913pt too wide) in paragraph at lines 1822--1823
[]\T1/phv/m/n/10 , [], [], [], [], and []. 
 []

File: classSQCompiler_a95826410b90f6469aeaad4a2d16f2f2e_cgraph.pdf Graphic file
 (type pdf)
<classSQCompiler_a95826410b90f6469aeaad4a2d16f2f2e_cgraph.pdf>
File: classSQCompiler_a95826410b90f6469aeaad4a2d16f2f2e_icgraph.pdf Graphic fil
e (type pdf)
<classSQCompiler_a95826410b90f6469aeaad4a2d16f2f2e_icgraph.pdf>
[38]
Underfull \hbox (badness 10000) detected at line 1850
[][][]
 []

[39] [40]
Underfull \hbox (badness 870) in paragraph at lines 2026--2027
[]\T1/phv/m/n/10 , [], [], [], [], [], [],
 []

File: classSQCompiler_a9a963e83277da03fe593cbda963767ae_cgraph.pdf Graphic file
 (type pdf)
<classSQCompiler_a9a963e83277da03fe593cbda963767ae_cgraph.pdf>
File: classSQCompiler_a9a963e83277da03fe593cbda963767ae_icgraph.pdf Graphic fil
e (type pdf)
<classSQCompiler_a9a963e83277da03fe593cbda963767ae_icgraph.pdf>
[41]
File: classSQCompiler_a05df2946061c8d96783df0ff123872c6_cgraph.pdf Graphic file
 (type pdf)
<classSQCompiler_a05df2946061c8d96783df0ff123872c6_cgraph.pdf>
 [42]
File: classSQCompiler_a05df2946061c8d96783df0ff123872c6_icgraph.pdf Graphic fil
e (type pdf)
<classSQCompiler_a05df2946061c8d96783df0ff123872c6_icgraph.pdf>
 [43]
File: classSQCompiler_a02deb3f0ac31f20d8531c49661c8e91f_cgraph.pdf Graphic file
 (type pdf)
<classSQCompiler_a02deb3f0ac31f20d8531c49661c8e91f_cgraph.pdf>
File: classSQCompiler_a02deb3f0ac31f20d8531c49661c8e91f_icgraph.pdf Graphic fil
e (type pdf)
<classSQCompiler_a02deb3f0ac31f20d8531c49661c8e91f_icgraph.pdf>
 [44]
LaTeX Font Info:    Kanji font shape `JY1/gt/m/it' undefined
(Font)              No change on input line 2222.
LaTeX Font Info:    Kanji font shape `JY1/gt/m/it' undefined
(Font)              No change on input line 1.
 [45]
File: classSQCompiler_a38a7d2c49ccb2bc056186cfbe4ebf7b7_cgraph.pdf Graphic file
 (type pdf)
<classSQCompiler_a38a7d2c49ccb2bc056186cfbe4ebf7b7_cgraph.pdf>
File: classSQCompiler_a38a7d2c49ccb2bc056186cfbe4ebf7b7_icgraph.pdf Graphic fil
e (type pdf)
<classSQCompiler_a38a7d2c49ccb2bc056186cfbe4ebf7b7_icgraph.pdf>
LaTeX Font Info:    Kanji font shape `JY1/gt/m/it' undefined
(Font)              No change on input line 2314.
LaTeX Font Info:    Kanji font shape `JY1/gt/m/it' undefined
(Font)              No change on input line 1.
 [46]
File: classSQCompiler_afe4ae2d4fa342f51f2f2d89fe35094b0_cgraph.pdf Graphic file
 (type pdf)
<classSQCompiler_afe4ae2d4fa342f51f2f2d89fe35094b0_cgraph.pdf>
File: classSQCompiler_afe4ae2d4fa342f51f2f2d89fe35094b0_icgraph.pdf Graphic fil
e (type pdf)
<classSQCompiler_afe4ae2d4fa342f51f2f2d89fe35094b0_icgraph.pdf>
 [47]
File: classSQCompiler_ad46168272dbdc570bedf563ac7368e00_cgraph.pdf Graphic file
 (type pdf)
<classSQCompiler_ad46168272dbdc570bedf563ac7368e00_cgraph.pdf>
File: classSQCompiler_ad46168272dbdc570bedf563ac7368e00_icgraph.pdf Graphic fil
e (type pdf)
<classSQCompiler_ad46168272dbdc570bedf563ac7368e00_icgraph.pdf>
 [48]
Underfull \hbox (badness 5431) in paragraph at lines 2474--2475
[]\T1/phv/m/n/10 References [], [], [], [], [], [], [],
 []

File: classSQCompiler_ae5b6e6275902a90c893d655ad9910cb2_cgraph.pdf Graphic file
 (type pdf)
<classSQCompiler_ae5b6e6275902a90c893d655ad9910cb2_cgraph.pdf>
[49]
File: classSQCompiler_ae5b6e6275902a90c893d655ad9910cb2_icgraph.pdf Graphic fil
e (type pdf)
<classSQCompiler_ae5b6e6275902a90c893d655ad9910cb2_icgraph.pdf>
 [50]
File: classSQCompiler_ad75bbadf66ec03530ccf8108712e4f30_cgraph.pdf Graphic file
 (type pdf)
<classSQCompiler_ad75bbadf66ec03530ccf8108712e4f30_cgraph.pdf>
File: classSQCompiler_ad75bbadf66ec03530ccf8108712e4f30_icgraph.pdf Graphic fil
e (type pdf)
<classSQCompiler_ad75bbadf66ec03530ccf8108712e4f30_icgraph.pdf>
LaTeX Font Info:    Kanji font shape `JY1/gt/m/it' undefined
(Font)              No change on input line 2580.
 [51]
LaTeX Font Info:    Kanji font shape `JY1/gt/m/it' undefined
(Font)              No change on input line 1.
LaTeX Font Info:    Kanji font shape `JY1/gt/m/it' undefined
(Font)              No change on input line 1.
File: classSQCompiler_a55b8835823bfc68018ef9cbcd08f3ccf_icgraph.pdf Graphic fil
e (type pdf)
<classSQCompiler_a55b8835823bfc68018ef9cbcd08f3ccf_icgraph.pdf>
 [52]
Underfull \hbox (badness 10000) detected at line 2638
[][][]
 []

File: classSQCompiler_a360bb03322356a03b823dee3c5798391_icgraph.pdf Graphic fil
e (type pdf)
<classSQCompiler_a360bb03322356a03b823dee3c5798391_icgraph.pdf>

Underfull \hbox (badness 5578) in paragraph at lines 2691--2692
[]\T1/phv/m/n/10 Referenced by [], [], [], [], [], [],
 []


Underfull \hbox (badness 7221) in paragraph at lines 2691--2692
[]\T1/phv/m/n/10 , [], [], [], [], [], [],
 []


Underfull \hbox (badness 10000) in paragraph at lines 2691--2692
[]\T1/phv/m/n/10 , [], [], [], [], [],
 []


Underfull \hbox (badness 862) in paragraph at lines 2691--2692
[]\T1/phv/m/n/10 , [], [], [], [], [],
 []

File: classSQCompiler_a487f759767eb1b0e74065a35021d704f_icgraph.pdf Graphic fil
e (type pdf)
<classSQCompiler_a487f759767eb1b0e74065a35021d704f_icgraph.pdf>
[53] [54]
File: classSQCompiler_ab70ecd203eb8bd21ea58a8ea1572843c_cgraph.pdf Graphic file
 (type pdf)
<classSQCompiler_ab70ecd203eb8bd21ea58a8ea1572843c_cgraph.pdf>
File: classSQCompiler_ab70ecd203eb8bd21ea58a8ea1572843c_icgraph.pdf Graphic fil
e (type pdf)
<classSQCompiler_ab70ecd203eb8bd21ea58a8ea1572843c_icgraph.pdf>
 [55]
Underfull \hbox (badness 3668) in paragraph at lines 2820--2821
[]\T1/phv/m/n/10 References [], [], [], [], [], [], [], [], and
 []

File: classSQCompiler_adf83588a2b1f023234d9a166cb22548f_cgraph.pdf Graphic file
 (type pdf)
<classSQCompiler_adf83588a2b1f023234d9a166cb22548f_cgraph.pdf>
File: classSQCompiler_adf83588a2b1f023234d9a166cb22548f_icgraph.pdf Graphic fil
e (type pdf)
<classSQCompiler_adf83588a2b1f023234d9a166cb22548f_icgraph.pdf>
[56]
Underfull \hbox (badness 2591) in paragraph at lines 2880--2881
[]\T1/phv/m/n/10 References [], [], [], [], [], [], [], [], and
 []

File: classSQCompiler_a78c393e142d7ed831b5230451fee588d_cgraph.pdf Graphic file
 (type pdf)
<classSQCompiler_a78c393e142d7ed831b5230451fee588d_cgraph.pdf>
[57]
File: classSQCompiler_a78c393e142d7ed831b5230451fee588d_icgraph.pdf Graphic fil
e (type pdf)
<classSQCompiler_a78c393e142d7ed831b5230451fee588d_icgraph.pdf>
File: classSQCompiler_a25e648be9ff27b001af5f34af01f3645_icgraph.pdf Graphic fil
e (type pdf)
<classSQCompiler_a25e648be9ff27b001af5f34af01f3645_icgraph.pdf>
 [58]
File: classSQCompiler_a735a989c43e2e6b6cf77e1a641be61a6_cgraph.pdf Graphic file
 (type pdf)
<classSQCompiler_a735a989c43e2e6b6cf77e1a641be61a6_cgraph.pdf>
File: classSQCompiler_a735a989c43e2e6b6cf77e1a641be61a6_icgraph.pdf Graphic fil
e (type pdf)
<classSQCompiler_a735a989c43e2e6b6cf77e1a641be61a6_icgraph.pdf>
 [59]
Underfull \hbox (badness 10000) detected at line 3003
[][][]
 []

File: classSQCompiler_a5b81fac18b3e0c53d91df064172d52eb_cgraph.pdf Graphic file
 (type pdf)
<classSQCompiler_a5b81fac18b3e0c53d91df064172d52eb_cgraph.pdf>
File: classSQCompiler_a5b81fac18b3e0c53d91df064172d52eb_icgraph.pdf Graphic fil
e (type pdf)
<classSQCompiler_a5b81fac18b3e0c53d91df064172d52eb_icgraph.pdf>
[60]
File: classSQCompiler_af3f80f047fe50aa32beebf54fe36ed95_cgraph.pdf Graphic file
 (type pdf)
<classSQCompiler_af3f80f047fe50aa32beebf54fe36ed95_cgraph.pdf>
File: classSQCompiler_af3f80f047fe50aa32beebf54fe36ed95_icgraph.pdf Graphic fil
e (type pdf)
<classSQCompiler_af3f80f047fe50aa32beebf54fe36ed95_icgraph.pdf>
 [61]
Underfull \hbox (badness 10000) detected at line 3109
[][][]
 []

File: classSQCompiler_a2daf4c683ae37dd29da499588d79aa8d_cgraph.pdf Graphic file
 (type pdf)
<classSQCompiler_a2daf4c683ae37dd29da499588d79aa8d_cgraph.pdf>
File: classSQCompiler_a2daf4c683ae37dd29da499588d79aa8d_icgraph.pdf Graphic fil
e (type pdf)
<classSQCompiler_a2daf4c683ae37dd29da499588d79aa8d_icgraph.pdf>
LaTeX Font Info:    Kanji font shape `JY1/gt/m/it' undefined
(Font)              No change on input line 3156.
LaTeX Font Info:    Kanji font shape `JY1/gt/m/it' undefined
(Font)              No change on input line 3156.
[62]
LaTeX Font Info:    Kanji font shape `JY1/gt/m/it' undefined
(Font)              No change on input line 1.
LaTeX Font Info:    Kanji font shape `JY1/gt/m/it' undefined
(Font)              No change on input line 3.
 [63]
File: classSQCompiler_ac22a60a9b6d2346c39173ca9b9b0f9fe_cgraph.pdf Graphic file
 (type pdf)
<classSQCompiler_ac22a60a9b6d2346c39173ca9b9b0f9fe_cgraph.pdf>
File: classSQCompiler_ac22a60a9b6d2346c39173ca9b9b0f9fe_icgraph.pdf Graphic fil
e (type pdf)
<classSQCompiler_ac22a60a9b6d2346c39173ca9b9b0f9fe_icgraph.pdf>
 [64]
File: classSQCompiler_a136e932ec0a26f24694663ee1b183ea6_cgraph.pdf Graphic file
 (type pdf)
<classSQCompiler_a136e932ec0a26f24694663ee1b183ea6_cgraph.pdf>
File: classSQCompiler_a136e932ec0a26f24694663ee1b183ea6_icgraph.pdf Graphic fil
e (type pdf)
<classSQCompiler_a136e932ec0a26f24694663ee1b183ea6_icgraph.pdf>
 [65] [66]
Underfull \hbox (badness 909) in paragraph at lines 3438--3439
[]\T1/phv/m/n/10 , [], [], [], [], [], [], [],
 []

File: classSQCompiler_a43a11a449ea5738ac9522406f51190ea_cgraph.pdf Graphic file
 (type pdf)
<classSQCompiler_a43a11a449ea5738ac9522406f51190ea_cgraph.pdf>
File: classSQCompiler_a43a11a449ea5738ac9522406f51190ea_icgraph.pdf Graphic fil
e (type pdf)
<classSQCompiler_a43a11a449ea5738ac9522406f51190ea_icgraph.pdf>
[67]
LaTeX Font Info:    Kanji font shape `JY1/gt/m/it' undefined
(Font)              No change on input line 3464.
LaTeX Font Info:    Kanji font shape `JY1/gt/m/it' undefined
(Font)              No change on input line 1.
File: classSQCompiler_a76b6ea1c1fae39f855fac7ac7d6f1aac_cgraph.pdf Graphic file
 (type pdf)
<classSQCompiler_a76b6ea1c1fae39f855fac7ac7d6f1aac_cgraph.pdf>
 [68]
File: classSQCompiler_a76b6ea1c1fae39f855fac7ac7d6f1aac_icgraph.pdf Graphic fil
e (type pdf)
<classSQCompiler_a76b6ea1c1fae39f855fac7ac7d6f1aac_icgraph.pdf>
LaTeX Font Info:    Kanji font shape `JY1/gt/m/it' undefined
(Font)              No change on input line 3537.
LaTeX Font Info:    Kanji font shape `JY1/gt/m/it' undefined
(Font)              No change on input line 3537.
LaTeX Font Info:    Kanji font shape `JY1/gt/m/it' undefined
(Font)              No change on input line 1.
LaTeX Font Info:    Kanji font shape `JY1/gt/m/it' undefined
(Font)              No change on input line 3.
 [69]
File: classSQCompiler_a1359a08e5611242d9d4ad42475170601_icgraph.pdf Graphic fil
e (type pdf)
<classSQCompiler_a1359a08e5611242d9d4ad42475170601_icgraph.pdf>
LaTeX Font Info:    Kanji font shape `JY1/gt/m/it' undefined
(Font)              No change on input line 3583.
LaTeX Font Info:    Kanji font shape `JY1/gt/m/it' undefined
(Font)              No change on input line 3583.
LaTeX Font Info:    Kanji font shape `JY1/gt/m/it' undefined
(Font)              No change on input line 3583.
LaTeX Font Info:    Kanji font shape `JY1/gt/m/it' undefined
(Font)              No change on input line 1.
LaTeX Font Info:    Kanji font shape `JY1/gt/m/it' undefined
(Font)              No change on input line 3.
LaTeX Font Info:    Kanji font shape `JY1/gt/m/it' undefined
(Font)              No change on input line 5.
 [70]
File: classSQCompiler_a5bc5faa44288c58bd3beb3cd0feac35f_cgraph.pdf Graphic file
 (type pdf)
<classSQCompiler_a5bc5faa44288c58bd3beb3cd0feac35f_cgraph.pdf>
File: classSQCompiler_a5bc5faa44288c58bd3beb3cd0feac35f_icgraph.pdf Graphic fil
e (type pdf)
<classSQCompiler_a5bc5faa44288c58bd3beb3cd0feac35f_icgraph.pdf>
LaTeX Font Info:    Kanji font shape `JY1/gt/m/it' undefined
(Font)              No change on input line 3670.
 [71]
LaTeX Font Info:    Kanji font shape `JY1/gt/m/it' undefined
(Font)              No change on input line 1.
 [72]
Underfull \hbox (badness 10000) in paragraph at lines 3799--3800
[]\T1/phv/m/n/10 , [], [], [], [], [],
 []


Underfull \hbox (badness 10000) in paragraph at lines 3799--3800
[]\T1/phv/m/n/10 , [], [], [], [], and
 []

File: classSQCompiler_a93fb7a9ef9e1b03628c3edd90716f68c_cgraph.pdf Graphic file
 (type pdf)
<classSQCompiler_a93fb7a9ef9e1b03628c3edd90716f68c_cgraph.pdf>
[73]
File: classSQCompiler_a93fb7a9ef9e1b03628c3edd90716f68c_icgraph.pdf Graphic fil
e (type pdf)
<classSQCompiler_a93fb7a9ef9e1b03628c3edd90716f68c_icgraph.pdf>
File: classSQCompiler_a49e64ea1810874c901bd7c3fefc9dca7_cgraph.pdf Graphic file
 (type pdf)
<classSQCompiler_a49e64ea1810874c901bd7c3fefc9dca7_cgraph.pdf>
 [74]
File: classSQCompiler_a49e64ea1810874c901bd7c3fefc9dca7_icgraph.pdf Graphic fil
e (type pdf)
<classSQCompiler_a49e64ea1810874c901bd7c3fefc9dca7_icgraph.pdf>
 [75]
Underfull \hbox (badness 4120) in paragraph at lines 3942--3943
[]\T1/phv/m/n/10 References [], [], [], [], [], [], [], [],
 []

File: classSQCompiler_a9518569b75e9a9ad0ea140fdeea9bb6f_cgraph.pdf Graphic file
 (type pdf)
<classSQCompiler_a9518569b75e9a9ad0ea140fdeea9bb6f_cgraph.pdf>
File: classSQCompiler_a9518569b75e9a9ad0ea140fdeea9bb6f_icgraph.pdf Graphic fil
e (type pdf)
<classSQCompiler_a9518569b75e9a9ad0ea140fdeea9bb6f_icgraph.pdf>
[76]
LaTeX Font Info:    Kanji font shape `JY1/gt/m/it' undefined
(Font)              No change on input line 3968.
LaTeX Font Info:    Kanji font shape `JY1/gt/m/it' undefined
(Font)              No change on input line 3968.
LaTeX Font Info:    Kanji font shape `JY1/gt/m/it' undefined
(Font)              No change on input line 1.
LaTeX Font Info:    Kanji font shape `JY1/gt/m/it' undefined
(Font)              No change on input line 3.
File: classSQCompiler_a7f542ea432310849546e81e7942d39e8_cgraph.pdf Graphic file
 (type pdf)
<classSQCompiler_a7f542ea432310849546e81e7942d39e8_cgraph.pdf>
File: classSQCompiler_a7f542ea432310849546e81e7942d39e8_icgraph.pdf Graphic fil
e (type pdf)
<classSQCompiler_a7f542ea432310849546e81e7942d39e8_icgraph.pdf>
 [77]
File: classSQCompiler_a693546b2f5f14236c4a28b4426fd0c1b_cgraph.pdf Graphic file
 (type pdf)
<classSQCompiler_a693546b2f5f14236c4a28b4426fd0c1b_cgraph.pdf>
 [78]
File: classSQCompiler_a693546b2f5f14236c4a28b4426fd0c1b_icgraph.pdf Graphic fil
e (type pdf)
<classSQCompiler_a693546b2f5f14236c4a28b4426fd0c1b_icgraph.pdf>
LaTeX Font Info:    Kanji font shape `JY1/gt/m/it' undefined
(Font)              No change on input line 4093.
LaTeX Font Info:    Kanji font shape `JY1/gt/m/it' undefined
(Font)              No change on input line 1.
 [79]
File: classSQCompiler_a93ddacc819c4e543d11165bda38abb9e_cgraph.pdf Graphic file
 (type pdf)
<classSQCompiler_a93ddacc819c4e543d11165bda38abb9e_cgraph.pdf>
File: classSQCompiler_a93ddacc819c4e543d11165bda38abb9e_icgraph.pdf Graphic fil
e (type pdf)
<classSQCompiler_a93ddacc819c4e543d11165bda38abb9e_icgraph.pdf>
 [80]
Underfull \hbox (badness 3333) in paragraph at lines 4179--4180
[]\T1/phv/m/n/10 References [], [], [], [], [],
 []

File: classSQCompiler_a1ea0500bb37fb9e6574a5706b3450851_cgraph.pdf Graphic file
 (type pdf)
<classSQCompiler_a1ea0500bb37fb9e6574a5706b3450851_cgraph.pdf>
File: classSQCompiler_a1ea0500bb37fb9e6574a5706b3450851_icgraph.pdf Graphic fil
e (type pdf)
<classSQCompiler_a1ea0500bb37fb9e6574a5706b3450851_icgraph.pdf>
[81]
Underfull \hbox (badness 5578) in paragraph at lines 4310--4311
[]\T1/phv/m/n/10 Referenced by [], [], [], [], [], [],
 []


Overfull \hbox (21.1251pt too wide) in paragraph at lines 4310--4311
[]\T1/phv/m/n/10 , [], [], [], [], [],
 []


Underfull \hbox (badness 3657) in paragraph at lines 4310--4311
[]\T1/phv/m/n/10 , [], [], [], [], [], [],
 []

[82] [83]
Underfull \hbox (badness 1688) in paragraph at lines 4418--4419
[]\T1/phv/m/n/10 Referenced by [], [], [], [], [], [],
 []


Underfull \hbox (badness 1783) in paragraph at lines 4418--4419
[]\T1/phv/m/n/10 , [], [], [], [], [], [], [],
 []


Underfull \hbox (badness 10000) in paragraph at lines 4418--4419
[]\T1/phv/m/n/10 , [], [], [], [], [],
 []


Underfull \hbox (badness 2671) in paragraph at lines 4418--4419
[]\T1/phv/m/n/10 , [], [], [], [], [], [],
 []

) (./structSQExpState.tex
LaTeX Font Info:    Kanji font shape `JY1/gt/m/it' undefined
(Font)              No change on input line 12.
LaTeX Font Info:    Kanji font shape `JY1/gt/m/it' undefined
(Font)              No change on input line 14.
LaTeX Font Info:    Kanji font shape `JY1/gt/m/it' undefined
(Font)              No change on input line 16.
 [84]
Overfull \hbox (69.45123pt too wide) in paragraph at lines 45--46
[]\T1/phv/m/n/10 Referenced by [], [], [], [],
 []


Overfull \hbox (37.718pt too wide) in paragraph at lines 63--64
[]\T1/phv/m/n/10 Referenced by [], [], [], [],
 []


Overfull \hbox (50.80353pt too wide) in paragraph at lines 81--82
[]\T1/phv/m/n/10 Referenced by [], [], [], [],
 []

) (./structSQScope.tex
LaTeX Font Info:    Kanji font shape `JY1/gt/m/it' undefined
(Font)              No change on input line 12.
LaTeX Font Info:    Kanji font shape `JY1/gt/m/it' undefined
(Font)              No change on input line 14.
 [85]) [86]
Chapter 4.
(./squirrel3__squirrel__sqcompiler__v1_8cpp.tex
File: squirrel3__squirrel__sqcompiler__v1_8cpp__incl.pdf Graphic file (type pdf
)
<squirrel3__squirrel__sqcompiler__v1_8cpp__incl.pdf>
LaTeX Font Info:    Kanji font shape `JY1/gt/m/it' undefined
(Font)              No change on input line 26.
LaTeX Font Info:    Kanji font shape `JY1/gt/m/it' undefined
(Font)              No change on input line 28.
LaTeX Font Info:    Kanji font shape `JY1/gt/m/it' undefined
(Font)              No change on input line 30.
LaTeX Font Info:    Kanji font shape `JY1/gt/m/it' undefined
(Font)              No change on input line 45.
LaTeX Font Info:    Kanji font shape `JY1/gt/m/it' undefined
(Font)              No change on input line 47.
 [87

]
LaTeX Font Info:    Kanji font shape `JY1/gt/m/it' undefined
(Font)              No change on input line 49.
LaTeX Font Info:    Kanji font shape `JY1/gt/m/it' undefined
(Font)              No change on input line 51.
LaTeX Font Info:    Kanji font shape `JY1/gt/m/it' undefined
(Font)              No change on input line 53.
LaTeX Font Info:    Kanji font shape `JY1/gt/m/it' undefined
(Font)              No change on input line 55.
LaTeX Font Info:    Kanji font shape `JY1/gt/m/it' undefined
(Font)              No change on input line 57.

Underfull \hbox (badness 836) in paragraph at lines 61--62
[]\T1/phv/m/n/10 bool [] (SQVM $\OMS/cmsy/m/n/10 ^^C$\T1/phv/m/n/10 vm, SQLEXRE
AD-FUNC rg, SQUser[]Pointer up, const SQChar $\OMS/cmsy/m/n/10 ^^C$\T1/phv/m/n/
10 sourcename,
 []

LaTeX Font Info:    Kanji font shape `JY1/gt/m/it' undefined
(Font)              No change on input line 62.
[88] [89] [90] [91] [92] [93] [94] [95] [96] [97] [98] [99] [100] [101]
[102] [103] [104] [105] [106]
LaTeX Font Info:    Kanji font shape `JY1/gt/m/it' undefined
(Font)              No change on input line 1701.
LaTeX Font Info:    Font shape `T1/pcr/m/it' in size <7> not available
(Font)              Font shape `T1/pcr/m/sl' tried instead on input line 1701.
LaTeX Font Info:    Kanji font shape `JY1/gt/m/it' undefined
(Font)              No change on input line 1.
 [107] [108]
LaTeX Font Info:    Kanji font shape `JY1/gt/m/it' undefined
(Font)              No change on input line 1899.
LaTeX Font Info:    Kanji font shape `JY1/gt/m/it' undefined
(Font)              No change on input line 1899.
LaTeX Font Info:    Kanji font shape `JY1/gt/m/it' undefined
(Font)              No change on input line 1899.
LaTeX Font Info:    Kanji font shape `JY1/gt/m/it' undefined
(Font)              No change on input line 1899.
LaTeX Font Info:    Kanji font shape `JY1/gt/m/it' undefined
(Font)              No change on input line 1899.
LaTeX Font Info:    Kanji font shape `JY1/gt/m/it' undefined
(Font)              No change on input line 1899.
LaTeX Font Info:    Kanji font shape `JY1/gt/m/it' undefined
(Font)              No change on input line 1899.
 [109]
LaTeX Font Info:    Kanji font shape `JY1/gt/m/it' undefined
(Font)              No change on input line 1.
LaTeX Font Info:    Kanji font shape `JY1/gt/m/it' undefined
(Font)              No change on input line 3.
LaTeX Font Info:    Kanji font shape `JY1/gt/m/it' undefined
(Font)              No change on input line 5.
LaTeX Font Info:    Kanji font shape `JY1/gt/m/it' undefined
(Font)              No change on input line 7.
LaTeX Font Info:    Kanji font shape `JY1/gt/m/it' undefined
(Font)              No change on input line 9.
LaTeX Font Info:    Kanji font shape `JY1/gt/m/it' undefined
(Font)              No change on input line 11.
LaTeX Font Info:    Kanji font shape `JY1/gt/m/it' undefined
(Font)              No change on input line 13.

Underfull \hbox (badness 10000) detected at line 1922
[][][]
 []

File: squirrel3__squirrel__sqcompiler__v1_8cpp_a7efa63cefc29340c682fc0d25eb2139
a_cgraph.pdf Graphic file (type pdf)
<squirrel3__squirrel__sqcompiler__v1_8cpp_a7efa63cefc29340c682fc0d25eb2139a_cgr
aph.pdf>
) (./squirrel3__squirrel__sqcompiler__v1_8cpp_source.tex [110] [111] [112]
[113] [114] [115] [116] [117] [118] [119] [120] [121] [122] [123] [124]
[125] [126] [127] [128] [129]) [130]
No file refman.ind.

Package longtable Warning: Table widths have changed. Rerun LaTeX.

(./refman.aux)
 ***********
pLaTeX2e <2023-02-14>+1, based on
LaTeX2e <2023-11-01> patch level 1
L3 programming layer <2024-01-22>
 ***********


LaTeX Font Warning: Some font shapes were not available, defaults substituted.

Package rerunfilecheck Info: File `refman.out' has not changed.
(rerunfilecheck)             Checksum: 855B22EBCC6B625F4EBE9DAC9523648A;21006.
 ) 
Here is how much of TeX's memory you used:
 25651 strings out of 474880
 496336 string characters out of 5763304
 1951820 words of memory out of 5000000
 47315 multiletter control sequences out of 15000+600000
 606020 words of font info for 129 fonts, out of 8000000 for 9000
 929 hyphenation exceptions out of 8191
 120i,16n,118p,3490b,772s stack positions out of 10000i,1000n,20000p,200000b,200000s

Output written on refman.dvi (136 pages, 1452288 bytes).
